Component: Arm Compiler for Embedded 6.21 Tool: armlink [5ec1fa00]

==============================================================================

Section Cross References

    startup_stm32f407xx.o(RESET) refers to startup_stm32f407xx.o(STACK) for __initial_sp
    startup_stm32f407xx.o(RESET) refers to startup_stm32f407xx.o(.text) for Reset_Handler
    startup_stm32f407xx.o(RESET) refers to stm32f4xx_it.o(.text.NMI_Handler) for NMI_Handler
    startup_stm32f407xx.o(RESET) refers to stm32f4xx_it.o(.text.HardFault_Handler) for HardFault_Handler
    startup_stm32f407xx.o(RESET) refers to stm32f4xx_it.o(.text.MemManage_Handler) for MemManage_Handler
    startup_stm32f407xx.o(RESET) refers to stm32f4xx_it.o(.text.BusFault_Handler) for BusFault_Handler
    startup_stm32f407xx.o(RESET) refers to stm32f4xx_it.o(.text.UsageFault_Handler) for UsageFault_Handler
    startup_stm32f407xx.o(RESET) refers to stm32f4xx_it.o(.text.SVC_Handler) for SVC_Handler
    startup_stm32f407xx.o(RESET) refers to stm32f4xx_it.o(.text.DebugMon_Handler) for DebugMon_Handler
    startup_stm32f407xx.o(RESET) refers to stm32f4xx_it.o(.text.PendSV_Handler) for PendSV_Handler
    startup_stm32f407xx.o(RESET) refers to stm32f4xx_it.o(.text.SysTick_Handler) for SysTick_Handler
    startup_stm32f407xx.o(RESET) refers to stm32f4xx_it.o(.text.TIM2_IRQHandler) for TIM2_IRQHandler
    startup_stm32f407xx.o(RESET) refers to stm32f4xx_it.o(.text.USART1_IRQHandler) for USART1_IRQHandler
    startup_stm32f407xx.o(RESET) refers to stm32f4xx_it.o(.text.OTG_FS_IRQHandler) for OTG_FS_IRQHandler
    startup_stm32f407xx.o(.text) refers to system_stm32f4xx.o(.text.SystemInit) for SystemInit
    startup_stm32f407xx.o(.text) refers to entry.o(.ARM.Collect$$$$00000000) for __main
    main.o(.text.main) refers to stm32f4xx_hal.o(.text.HAL_Init) for HAL_Init
    main.o(.text.main) refers to main.o(.text.SystemClock_Config) for SystemClock_Config
    main.o(.text.main) refers to stm32f4xx_hal_gpio.o(.text.HAL_GPIO_WritePin) for HAL_GPIO_WritePin
    main.o(.text.main) refers to stm32f4xx_hal_gpio.o(.text.HAL_GPIO_Init) for HAL_GPIO_Init
    main.o(.text.main) refers to usb_device.o(.text.MX_USB_DEVICE_Init) for MX_USB_DEVICE_Init
    main.o(.text.main) refers to main.o(.bss.huart1) for huart1
    main.o(.text.main) refers to stm32f4xx_hal_uart.o(.text.HAL_UART_Init) for HAL_UART_Init
    main.o(.text.main) refers to main.o(.bss.htim2) for htim2
    main.o(.text.main) refers to stm32f4xx_hal_tim.o(.text.HAL_TIM_Base_Init) for HAL_TIM_Base_Init
    main.o(.text.main) refers to stm32f4xx_hal_tim.o(.text.HAL_TIM_ConfigClockSource) for HAL_TIM_ConfigClockSource
    main.o(.text.main) refers to stm32f4xx_hal_tim_ex.o(.text.HAL_TIMEx_MasterConfigSynchronization) for HAL_TIMEx_MasterConfigSynchronization
    main.o(.text.main) refers to main.o(.bss.hcan1) for hcan1
    main.o(.text.main) refers to stm32f4xx_hal_can.o(.text.HAL_CAN_Init) for HAL_CAN_Init
    main.o(.text.main) refers to main.o(.bss.hspi1) for hspi1
    main.o(.text.main) refers to stm32f4xx_hal_spi.o(.text.HAL_SPI_Init) for HAL_SPI_Init
    main.o(.text.main) refers to main.o(.bss.hspi3) for hspi3
    main.o(.text.main) refers to stm32f4xx_hal_tim.o(.text.HAL_TIM_Base_Start_IT) for HAL_TIM_Base_Start_IT
    main.o(.text.main) refers to stdout.o(.data) for __stdout
    main.o(.text.main) refers to uart_usb_bridge.o(.text.UART_USB_Bridge_Task_Init) for UART_USB_Bridge_Task_Init
    main.o(.text.main) refers to stm32f4xx_hal.o(.text.HAL_Delay) for HAL_Delay
    main.o(.text.main) refers to puts.o(i.puts) for puts
    main.o(.text.main) refers to myapp.o(.text.My_App) for My_App
    main.o(.text.main) refers to uart_usb_bridge.o(.text.UART_USB_Bridge_Task) for UART_USB_Bridge_Task
    main.o(.text.main) refers to position-controll.o(.text.Stepper_PID_Task) for Stepper_PID_Task
    main.o(.text.main) refers to stepperengine.o(.text.Stepper_ISR) for Stepper_ISR
    main.o(.ARM.exidx.text.main) refers to main.o(.text.main) for [Anonymous Symbol]
    main.o(.text.SystemClock_Config) refers to memseta.o(.text) for __aeabi_memclr4
    main.o(.text.SystemClock_Config) refers to stm32f4xx_hal_rcc.o(.text.HAL_RCC_OscConfig) for HAL_RCC_OscConfig
    main.o(.text.SystemClock_Config) refers to stm32f4xx_hal_rcc.o(.text.HAL_RCC_ClockConfig) for HAL_RCC_ClockConfig
    main.o(.ARM.exidx.text.SystemClock_Config) refers to main.o(.text.SystemClock_Config) for [Anonymous Symbol]
    main.o(.ARM.exidx.text.Error_Handler) refers to main.o(.text.Error_Handler) for [Anonymous Symbol]
    stm32f4xx_it.o(.ARM.exidx.text.NMI_Handler) refers to stm32f4xx_it.o(.text.NMI_Handler) for [Anonymous Symbol]
    stm32f4xx_it.o(.ARM.exidx.text.HardFault_Handler) refers to stm32f4xx_it.o(.text.HardFault_Handler) for [Anonymous Symbol]
    stm32f4xx_it.o(.ARM.exidx.text.MemManage_Handler) refers to stm32f4xx_it.o(.text.MemManage_Handler) for [Anonymous Symbol]
[...]
    headPOS                                  0x200018d6   Data           2  usart-get-position.o(.bss.headPOS)
    [Anonymous Symbol]                       0x200018d6   Section        0  usart-get-position.o(.bss.headPOS)
    last_pid_time                            0x20001f20   Data           4  position-controll.o(.bss.last_pid_time)
    [Anonymous Symbol]                       0x20001f20   Section        0  position-controll.o(.bss.last_pid_time)
    line_buffer                              0x20001f24   Data         100  usart-get-position.o(.bss.line_buffer)
    [Anonymous Symbol]                       0x20001f24   Section        0  usart-get-position.o(.bss.line_buffer)
    line_index                               0x20001f88   Data           2  usart-get-position.o(.bss.line_index)
    [Anonymous Symbol]                       0x20001f88   Section        0  usart-get-position.o(.bss.line_index)
    tail                                     0x20002010   Data           2  uart_usb_bridge.o(.bss.tail)
    [Anonymous Symbol]                       0x20002010   Section        0  uart_usb_bridge.o(.bss.tail)
    tailPOS                                  0x20002012   Data           2  usart-get-position.o(.bss.tailPOS)
    [Anonymous Symbol]                       0x20002012   Section        0  usart-get-position.o(.bss.tailPOS)
    uart_buffer                              0x20002015   Data        1024  uart_usb_bridge.o(.bss.uart_buffer)
    [Anonymous Symbol]                       0x20002015   Section        0  uart_usb_bridge.o(.bss.uart_buffer)
    uart_buffer                              0x20002415   Data         256  usart-get-position.o(.bss.uart_buffer)
    [Anonymous Symbol]                       0x20002415   Section        0  usart-get-position.o(.bss.uart_buffer)
    STACK                                    0x20002520   Section     1536  startup_stm32f407xx.o(STACK)

    Global Symbols

    Symbol Name                              Value     Ov Type        Size  Object(Section)

    BuildAttributes$$THM_ISAv4$E$P$D$K$B$S$7EM$VFPi3$EXTD16$VFPS$VFMA$PE$A:L22UL41UL21$X:L11$S22US41US21$IEEE1$IW$~IW$USESV6$~STKCKD$USESV7$~SHL$OTIME$EBA8$MICROLIB$REQ8$PRES8$EABIv2 0x00000000   Number         0  anon$$obj.o ABSOLUTE
    _printf_a                                0x00000000   Number         0  printfstubs.o ABSOLUTE
    _printf_c                                0x00000000   Number         0  printfstubs.o ABSOLUTE
    _printf_charcount                        0x00000000   Number         0  printfstubs.o ABSOLUTE
    _printf_d                                0x00000000   Number         0  printfstubs.o ABSOLUTE
    _printf_e                                0x00000000   Number         0  printfstubs.o ABSOLUTE
    _printf_f                                0x00000000   Number         0  printfstubs.o ABSOLUTE
    _printf_flags                            0x00000000   Number         0  printfstubs.o ABSOLUTE
    _printf_fp_dec                           0x00000000   Number         0  printfstubs.o ABSOLUTE
    _printf_fp_hex                           0x00000000   Number         0  printfstubs.o ABSOLUTE
    _printf_g                                0x00000000   Number         0  printfstubs.o ABSOLUTE
    _printf_i                                0x00000000   Number         0  printfstubs.o ABSOLUTE
    _printf_int_dec                          0x00000000   Number         0  printfstubs.o ABSOLUTE
    _printf_l                                0x00000000   Number         0  printfstubs.o ABSOLUTE
    _printf_lc                               0x00000000   Number         0  printfstubs.o ABSOLUTE
    _printf_ll                               0x00000000   Number         0  printfstubs.o ABSOLUTE
    _printf_lld                              0x00000000   Number         0  printfstubs.o ABSOLUTE
    _printf_lli                              0x00000000   Number         0  printfstubs.o ABSOLUTE
    _printf_llo                              0x00000000   Number         0  printfstubs.o ABSOLUTE
    _printf_llu                              0x00000000   Number         0  printfstubs.o ABSOLUTE
    _printf_llx                              0x00000000   Number         0  printfstubs.o ABSOLUTE
    _printf_longlong_dec                     0x00000000   Number         0  printfstubs.o ABSOLUTE
    _printf_longlong_hex                     0x00000000   Number         0  printfstubs.o ABSOLUTE
    _printf_longlong_oct                     0x00000000   Number         0  printfstubs.o ABSOLUTE
    _printf_ls                               0x00000000   Number         0  printfstubs.o ABSOLUTE
    _printf_mbtowc                           0x00000000   Number         0  printfstubs.o ABSOLUTE
    _printf_n                                0x00000000   Number         0  printfstubs.o ABSOLUTE
    _printf_o                                0x00000000   Number         0  printfstubs.o ABSOLUTE
    _printf_p                                0x00000000   Number         0  printfstubs.o ABSOLUTE
    _printf_percent                          0x00000000   Number         0  printfstubs.o ABSOLUTE
    _printf_pre_padding                      0x00000000   Number         0  printfstubs.o ABSOLUTE
    _printf_return_value                     0x00000000   Number         0  printfstubs.o ABSOLUTE
    _printf_s                                0x00000000   Number         0  printfstubs.o ABSOLUTE
    _printf_sizespec                         0x00000000   Number         0  printfstubs.o ABSOLUTE
    _printf_str                              0x00000000   Number         0  printfstubs.o ABSOLUTE
    _printf_truncate_signed                  0x00000000   Number         0  printfstubs.o ABSOLUTE
    _printf_truncate_unsigned                0x00000000   Number         0  printfstubs.o ABSOLUTE
    _printf_u                                0x00000000   Number         0  printfstubs.o ABSOLUTE
    _printf_wc                               0x00000000   Number         0  printfstubs.o ABSOLUTE
    _printf_wctomb                           0x00000000   Number         0  printfstubs.o ABSOLUTE
    _printf_widthprec                        0x00000000   Number         0  printfstubs.o ABSOLUTE
    _printf_x                                0x00000000   Number         0  printfstubs.o ABSOLUTE
    __cpp_initialize__aeabi_                  - Undefined Weak Reference
    __cxa_finalize                            - Undefined Weak Reference
    __decompress                              - Undefined Weak Reference
    _clock_init                               - Undefined Weak Reference
    _microlib_exit                            - Undefined Weak Reference
    _scanf_longlong                           - Undefined Weak Reference
    _scanf_real                               - Undefined Weak Reference
    __Vectors_Size                           0x00000188   Number         0  startup_stm32f407xx.o ABSOLUTE
    __Vectors                                0x08000000   Data           4  startup_stm32f407xx.o(RESET)
    __Vectors_End                            0x08000188   Data           0  startup_stm32f407xx.o(RESET)
    __main                                   0x08000189   Thumb Code     0  entry.o(.ARM.Collect$$$$00000000)
    _main_stk                                0x08000189   Thumb Code     0  entry2.o(.ARM.Collect$$$$00000001)
    _main_scatterload                        0x0800018d   Thumb Code     0  entry5.o(.ARM.Collect$$$$00000004)
    __main_after_scatterload                 0x08000191   Thumb Code     0  entry5.o(.ARM.Collect$$$$00000004)
    _main_clock                              0x08000191   Thumb Code     0  entry7b.o(.ARM.Collect$$$$00000008)
    _main_cpp_init                           0x08000191   Thumb Code     0  entry8b.o(.ARM.Collect$$$$0000000A)
    _main_init                               0x08000191   Thumb Code     0  entry9a.o(.ARM.Collect$$$$0000000B)
    __rt_final_cpp                           0x08000199   Thumb Code     0  entry10a.o(.ARM.Collect$$$$0000000D)
    __rt_final_exit                          0x08000199   Thumb Code     0  entry11a.o(.ARM.Collect$$$$0000000F)
    Reset_Handler                            0x0800019d   Thumb Code     8  startup_stm32f407xx.o(.text)
    ADC_IRQHandler                           0x080001b7   Thumb Code     0  startup_stm32f407xx.o(.text)
    CAN1_RX0_IRQHandler                      0x080001b7   Thumb Code     0  startup_stm32f407xx.o(.text)
    CAN1_RX1_IRQHandler                      0x080001b7   Thumb Code     0  startup_stm32f407xx.o(.text)
    CAN1_SCE_IRQHandler                      0x080001b7   Thumb Code     0  startup_stm32f407xx.o(.text)
    CAN1_TX_IRQHandler                       0x080001b7   Thumb Code     0  startup_stm32f407xx.o(.text)
    CAN2_RX0_IRQHandler                      0x080001b7   Thumb Code     0  startup_stm32f407xx.o(.text)
    CAN2_RX1_IRQHandler                      0x080001b7   Thumb Code     0  startup_stm32f407xx.o(.text)
    CAN2_SCE_IRQHandler                      0x080001b7   Thumb Code     0  startup_stm32f407xx.o(.text)
    CAN2_TX_IRQHandler                       0x080001b7   Thumb Code     0  startup_stm32f407xx.o(.text)
    DCMI_IRQHandler                          0x080001b7   Thumb Code     0  startup_stm32f407xx.o(.text)
    DMA1_Stream0_IRQHandler                  0x080001b7   Thumb Code     0  startup_stm32f407xx.o(.text)
    DMA1_Stream1_IRQHandler                  0x080001b7   Thumb Code     0  startup_stm32f407xx.o(.text)
    DMA1_Stream2_IRQHandler                  0x080001b7   Thumb Code     0  startup_stm32f407xx.o(.text)
    DMA1_Stream3_IRQHandler                  0x080001b7   Thumb Code     0  startup_stm32f407xx.o(.text)
    DMA1_Stream4_IRQHandler                  0x080001b7   Thumb Code     0  startup_stm32f407xx.o(.text)
    DMA1_Stream5_IRQHandler                  0x080001b7   Thumb Code     0  startup_stm32f407xx.o(.text)
    DMA1_Stream6_IRQHandler                  0x080001b7   Thumb Code     0  startup_stm32f407xx.o(.text)
    DMA1_Stream7_IRQHandler                  0x080001b7   Thumb Code     0  startup_stm32f407xx.o(.text)
    DMA2_Stream0_IRQHandler                  0x080001b7   Thumb Code     0  startup_stm32f407xx.o(.text)
    DMA2_Stream1_IRQHandler                  0x080001b7   Thumb Code     0  startup_stm32f407xx.o(.text)
    DMA2_Stream2_IRQHandler                  0x080001b7   Thumb Code     0  startup_stm32f407xx.o(.text)
    DMA2_Stream3_IRQHandler                  0x080001b7   Thumb Code     0  startup_stm32f407xx.o(.text)
    DMA2_Stream4_IRQHandler                  0x080001b7   Thumb Code     0  startup_stm32f407xx.o(.text)
    DMA2_Stream5_IRQHandler                  0x080001b7   Thumb Code     0  startup_stm32f407xx.o(.text)
    DMA2_Stream6_IRQHandler                  0x080001b7   Thumb Code     0  startup_stm32f407xx.o(.text)
    DMA2_Stream7_IRQHandler                  0x080001b7   Thumb Code     0  startup_stm32f407xx.o(.text)
    ETH_IRQHandler                           0x080001b7   Thumb Code     0  startup_stm32f407xx.o(.text)
    ETH_WKUP_IRQHandler                      0x080001b7   Thumb Code     0  startup_stm32f407xx.o(.text)
    EXTI0_IRQHandler                         0x080001b7   Thumb Code     0  startup_stm32f407xx.o(.text)
    EXTI15_10_IRQHandler                     0x080001b7   Thumb Code     0  startup_stm32f407xx.o(.text)
    EXTI1_IRQHandler                         0x080001b7   Thumb Code     0  startup_stm32f407xx.o(.text)
    EXTI2_IRQHandler                         0x080001b7   Thumb Code     0  startup_stm32f407xx.o(.text)
    EXTI3_IRQHandler                         0x080001b7   Thumb Code     0  startup_stm32f407xx.o(.text)
    EXTI4_IRQHandler                         0x080001b7   Thumb Code     0  startup_stm32f407xx.o(.text)
    EXTI9_5_IRQHandler                       0x080001b7   Thumb Code     0  startup_stm32f407xx.o(.text)
    FLASH_IRQHandler                         0x080001b7   Thumb Code     0  startup_stm32f407xx.o(.text)
    FMC_IRQHandler                           0x080001b7   Thumb Code     0  startup_stm32f407xx.o(.text)
    FPU_IRQHandler                           0x080001b7   Thumb Code     0  startup_stm32f407xx.o(.text)
    HASH_RNG_IRQHandler                      0x080001b7   Thumb Code     0  startup_stm32f407xx.o(.text)
    I2C1_ER_IRQHandler                       0x080001b7   Thumb Code     0  startup_stm32f407xx.o(.text)
    I2C1_EV_IRQHandler                       0x080001b7   Thumb Code     0  startup_stm32f407xx.o(.text)
    I2C2_ER_IRQHandler                       0x080001b7   Thumb Code     0  startup_stm32f407xx.o(.text)
    I2C2_EV_IRQHandler                       0x080001b7   Thumb Code     0  startup_stm32f407xx.o(.text)
    I2C3_ER_IRQHandler                       0x080001b7   Thumb Code     0  startup_stm32f407xx.o(.text)
    I2C3_EV_IRQHandler                       0x080001b7   Thumb Code     0  startup_stm32f407xx.o(.text)
    OTG_FS_WKUP_IRQHandler                   0x080001b7   Thumb Code     0  startup_stm32f407xx.o(.text)
    OTG_HS_EP1_IN_IRQHandler                 0x080001b7   Thumb Code     0  startup_stm32f407xx.o(.text)
    OTG_HS_EP1_OUT_IRQHandler                0x080001b7   Thumb Code     0  startup_stm32f407xx.o(.text)
    OTG_HS_IRQHandler                        0x080001b7   Thumb Code     0  startup_stm32f407xx.o(.text)
    OTG_HS_WKUP_IRQHandler                   0x080001b7   Thumb Code     0  startup_stm32f407xx.o(.text)
    PVD_IRQHandler                           0x080001b7   Thumb Code     0  startup_stm32f407xx.o(.text)
    RCC_IRQHandler                           0x080001b7   Thumb Code     0  startup_stm32f407xx.o(.text)
    RTC_Alarm_IRQHandler                     0x080001b7   Thumb Code     0  startup_stm32f407xx.o(.text)
    RTC_WKUP_IRQHandler                      0x080001b7   Thumb Code     0  startup_stm32f407xx.o(.text)
    SDIO_IRQHandler                          0x080001b7   Thumb Code     0  startup_stm32f407xx.o(.text)
    SPI1_IRQHandler                          0x080001b7   Thumb Code     0  startup_stm32f407xx.o(.text)
    SPI2_IRQHandler                          0x080001b7   Thumb Code     0  startup_stm32f407xx.o(.text)
    SPI3_IRQHandler                          0x080001b7   Thumb Code     0  startup_stm32f407xx.o(.text)
    TAMP_STAMP_IRQHandler                    0x080001b7   Thumb Code     0  startup_stm32f407xx.o(.text)
    TIM1_BRK_TIM9_IRQHandler                 0x080001b7   Thumb Code     0  startup_stm32f407xx.o(.text)
    TIM1_CC_IRQHandler                       0x080001b7   Thumb Code     0  startup_stm32f407xx.o(.text)
    TIM1_TRG_COM_TIM11_IRQHandler            0x080001b7   Thumb Code     0  startup_stm32f407xx.o(.text)
    TIM1_UP_TIM10_IRQHandler                 0x080001b7   Thumb Code     0  startup_stm32f407xx.o(.text)
    TIM3_IRQHandler                          0x080001b7   Thumb Code     0  startup_stm32f407xx.o(.text)
    TIM4_IRQHandler                          0x080001b7   Thumb Code     0  startup_stm32f407xx.o(.text)
    TIM5_IRQHandler                          0x080001b7   Thumb Code     0  startup_stm32f407xx.o(.text)
    TIM6_DAC_IRQHandler                      0x080001b7   Thumb Code     0  startup_stm32f407xx.o(.text)
    TIM7_IRQHandler                          0x080001b7   Thumb Code     0  startup_stm32f407xx.o(.text)
    TIM8_BRK_TIM12_IRQHandler                0x080001b7   Thumb Code     0  startup_stm32f407xx.o(.text)
    TIM8_CC_IRQHandler                       0x080001b7   Thumb Code     0  startup_stm32f407xx.o(.text)
    TIM8_TRG_COM_TIM14_IRQHandler            0x080001b7   Thumb Code     0  startup_stm32f407xx.o(.text)
    TIM8_UP_TIM13_IRQHandler                 0x080001b7   Thumb Code     0  startup_stm32f407xx.o(.text)
    UART4_IRQHandler                         0x080001b7   Thumb Code     0  startup_stm32f407xx.o(.text)
    UART5_IRQHandler                         0x080001b7   Thumb Code     0  startup_stm32f407xx.o(.text)
    USART2_IRQHandler                        0x080001b7   Thumb Code     0  startup_stm32f407xx.o(.text)
    USART3_IRQHandler                        0x080001b7   Thumb Code     0  startup_stm32f407xx.o(.text)
    USART6_IRQHandler                        0x080001b7   Thumb Code     0  startup_stm32f407xx.o(.text)
    WWDG_IRQHandler                          0x080001b7   Thumb Code     0  startup_stm32f407xx.o(.text)
    __aeabi_uldivmod                         0x080001c1   Thumb Code    98  uldiv.o(.text)
    __aeabi_memset                           0x08000223   Thumb Code    14  memseta.o(.text)
    __aeabi_memset4                          0x08000223   Thumb Code     0  memseta.o(.text)
    __aeabi_memset8                          0x08000223   Thumb Code     0  memseta.o(.text)
    __aeabi_memclr                           0x08000231   Thumb Code     4  memseta.o(.text)
    __aeabi_memclr4                          0x08000231   Thumb Code     0  memseta.o(.text)
    __aeabi_memclr8                          0x08000231   Thumb Code     0  memseta.o(.text)
    _memset$wrapper                          0x08000235   Thumb Code    18  memseta.o(.text)
    strstr                                   0x08000247   Thumb Code    36  strstr.o(.text)
    strlen                                   0x0800026b   Thumb Code    14  strlen.o(.text)
    __0sscanf                                0x08000279   Thumb Code    48  __0sscanf.o(.text)
    _scanf_int                               0x080002b1   Thumb Code   332  _scanf_int.o(.text)
    _scanf_string                            0x080003fd   Thumb Code   224  _scanf_str.o(.text)
    atoi                                     0x080004dd   Thumb Code    26  atoi.o(.text)
    __aeabi_llsl                             0x080004f7   Thumb Code    30  llshl.o(.text)
    _ll_shift_l                              0x080004f7   Thumb Code     0  llshl.o(.text)
    __aeabi_llsr                             0x08000515   Thumb Code    32  llushr.o(.text)
    _ll_ushift_r                             0x08000515   Thumb Code     0  llushr.o(.text)
    _chval                                   0x08000535   Thumb Code    28  _chval.o(.text)
    __vfscanf_char                           0x0800055d   Thumb Code    20  scanf_char.o(.text)
    _sgetc                                   0x08000579   Thumb Code    30  _sgetc.o(.text)
    _sbackspace                              0x08000597   Thumb Code    34  _sgetc.o(.text)
    strtol                                   0x080005b9   Thumb Code   112  strtol.o(.text)
    __scatterload                            0x08000629   Thumb Code    38  init.o(.text)
    __scatterload_rt2                        0x08000629   Thumb Code     0  init.o(.text)
    __rt_ctype_table                         0x08000659   Thumb Code     4  ctype_o.o(.text)
    isspace                                  0x08000661   Thumb Code    18  isspace_o.o(.text)
    __vfscanf                                0x08000675   Thumb Code   808  _scanf.o(.text)
    _strtoul                                 0x080009a1   Thumb Code   158  _strtoul.o(.text)
    BusFault_Handler                         0x08000a41   Thumb Code     2  stm32f4xx_it.o(.text.BusFault_Handler)
    CDC_Transmit_FS                          0x08000ab1   Thumb Code    54  usbd_cdc_if.o(.text.CDC_Transmit_FS)
    CommandParser_Process                    0x08000ae9   Thumb Code    84  command_parser.o(.text.CommandParser_Process)
    Command_Input                            0x08000b71   Thumb Code    72  command_parser.o(.text.Command_Input)
    DebugMon_Handler                         0x08000bb9   Thumb Code     2  stm32f4xx_it.o(.text.DebugMon_Handler)
    Error_Handler                            0x08000bbd   Thumb Code     6  main.o(.text.Error_Handler)
    GetPOS                                   0x08000bc5   Thumb Code    12  usart-get-position.o(.text.GetPOS)
    HAL_CAN_Init                             0x08000bd1   Thumb Code   244  stm32f4xx_hal_can.o(.text.HAL_CAN_Init)
    HAL_CAN_MspInit                          0x08000cc5   Thumb Code   112  stm32f4xx_hal_msp.o(.text.HAL_CAN_MspInit)
    HAL_DMA_Abort                            0x08000d35   Thumb Code   128  stm32f4xx_hal_dma.o(.text.HAL_DMA_Abort)
    HAL_DMA_Abort_IT                         0x08000db5   Thumb Code    36  stm32f4xx_hal_dma.o(.text.HAL_DMA_Abort_IT)
    HAL_Delay                                0x08000dd9   Thumb Code    40  stm32f4xx_hal.o(.text.HAL_Delay)
    HAL_GPIO_Init                            0x08000e01   Thumb Code   408  stm32f4xx_hal_gpio.o(.text.HAL_GPIO_Init)
    HAL_GPIO_WritePin                        0x08000f99   Thumb Code    10  stm32f4xx_hal_gpio.o(.text.HAL_GPIO_WritePin)
    HAL_GetTick                              0x08000fa5   Thumb Code    12  stm32f4xx_hal.o(.text.HAL_GetTick)
    HAL_IncTick                              0x08000fb1   Thumb Code    26  stm32f4xx_hal.o(.text.HAL_IncTick)
    HAL_Init                                 0x08000fcd   Thumb Code    54  stm32f4xx_hal.o(.text.HAL_Init)
    HAL_InitTick                             0x08001005   Thumb Code    80  stm32f4xx_hal.o(.text.HAL_InitTick)
    HAL_MspInit                              0x08001055   Thumb Code    56  stm32f4xx_hal_msp.o(.text.HAL_MspInit)
    HAL_NVIC_EnableIRQ                       0x0800108d   Thumb Code    32  stm32f4xx_hal_cortex.o(.text.HAL_NVIC_EnableIRQ)
    HAL_NVIC_SetPriority                     0x080010ad   Thumb Code    86  stm32f4xx_hal_cortex.o(.text.HAL_NVIC_SetPriority)
    HAL_NVIC_SetPriorityGrouping             0x08001105   Thumb Code    32  stm32f4xx_hal_cortex.o(.text.HAL_NVIC_SetPriorityGrouping)
    HAL_PCDEx_LPM_Callback                   0x08001125   Thumb Code     2  stm32f4xx_hal_pcd_ex.o(.text.HAL_PCDEx_LPM_Callback)
    HAL_PCDEx_SetRxFiFo                      0x08001129   Thumb Code     8  stm32f4xx_hal_pcd_ex.o(.text.HAL_PCDEx_SetRxFiFo)
    HAL_PCDEx_SetTxFiFo                      0x08001131   Thumb Code    78  stm32f4xx_hal_pcd_ex.o(.text.HAL_PCDEx_SetTxFiFo)
    HAL_PCD_ConnectCallback                  0x08001181   Thumb Code     8  usbd_conf.o(.text.HAL_PCD_ConnectCallback)
    HAL_PCD_DataInStageCallback              0x08001189   Thumb Code    20  usbd_conf.o(.text.HAL_PCD_DataInStageCallback)
    HAL_PCD_DataOutStageCallback             0x0800119d   Thumb Code    22  usbd_conf.o(.text.HAL_PCD_DataOutStageCallback)
    HAL_PCD_DisconnectCallback               0x080011b5   Thumb Code     8  usbd_conf.o(.text.HAL_PCD_DisconnectCallback)
    HAL_PCD_EP_Close                         0x080011bd   Thumb Code    80  stm32f4xx_hal_pcd.o(.text.HAL_PCD_EP_Close)
    HAL_PCD_EP_ClrStall                      0x0800120d   Thumb Code   102  stm32f4xx_hal_pcd.o(.text.HAL_PCD_EP_ClrStall)
    HAL_PCD_EP_GetRxCount                    0x08001275   Thumb Code    18  stm32f4xx_hal_pcd.o(.text.HAL_PCD_EP_GetRxCount)
    HAL_PCD_EP_Open                          0x08001289   Thumb Code   104  stm32f4xx_hal_pcd.o(.text.HAL_PCD_EP_Open)
    HAL_PCD_EP_Receive                       0x080012f1   Thumb Code    76  stm32f4xx_hal_pcd.o(.text.HAL_PCD_EP_Receive)
    HAL_PCD_EP_SetStall                      0x0800133d   Thumb Code   114  stm32f4xx_hal_pcd.o(.text.HAL_PCD_EP_SetStall)
    HAL_PCD_EP_Transmit                      0x080013b1   Thumb Code    68  stm32f4xx_hal_pcd.o(.text.HAL_PCD_EP_Transmit)
    HAL_PCD_IRQHandler                       0x080013f5   Thumb Code  1990  stm32f4xx_hal_pcd.o(.text.HAL_PCD_IRQHandler)
    HAL_PCD_ISOINIncompleteCallback          0x08001bbd   Thumb Code     8  usbd_conf.o(.text.HAL_PCD_ISOINIncompleteCallback)
    HAL_PCD_ISOOUTIncompleteCallback         0x08001bc5   Thumb Code     8  usbd_conf.o(.text.HAL_PCD_ISOOUTIncompleteCallback)
    HAL_PCD_Init                             0x08001bcd   Thumb Code   310  stm32f4xx_hal_pcd.o(.text.HAL_PCD_Init)
    HAL_PCD_MspInit                          0x08001d05   Thumb Code   136  usbd_conf.o(.text.HAL_PCD_MspInit)
    HAL_PCD_ResetCallback                    0x08001d8d   Thumb Code    42  usbd_conf.o(.text.HAL_PCD_ResetCallback)
    HAL_PCD_ResumeCallback                   0x08001db9   Thumb Code     8  usbd_conf.o(.text.HAL_PCD_ResumeCallback)
    HAL_PCD_SOFCallback                      0x08001dc1   Thumb Code     8  usbd_conf.o(.text.HAL_PCD_SOFCallback)
    HAL_PCD_SetAddress                       0x08001dc9   Thumb Code    40  stm32f4xx_hal_pcd.o(.text.HAL_PCD_SetAddress)
    HAL_PCD_SetupStageCallback               0x08001df1   Thumb Code    14  usbd_conf.o(.text.HAL_PCD_SetupStageCallback)
    HAL_PCD_Start                            0x08001e01   Thumb Code    62  stm32f4xx_hal_pcd.o(.text.HAL_PCD_Start)
    HAL_PCD_SuspendCallback                  0x08001e41   Thumb Code    52  usbd_conf.o(.text.HAL_PCD_SuspendCallback)
    HAL_RCC_ClockConfig                      0x08001e75   Thumb Code   352  stm32f4xx_hal_rcc.o(.text.HAL_RCC_ClockConfig)
    HAL_RCC_GetHCLKFreq                      0x08001fd5   Thumb Code    12  stm32f4xx_hal_rcc.o(.text.HAL_RCC_GetHCLKFreq)
    HAL_RCC_GetPCLK1Freq                     0x08001fe1   Thumb Code    38  stm32f4xx_hal_rcc.o(.text.HAL_RCC_GetPCLK1Freq)
    HAL_RCC_GetPCLK2Freq                     0x08002009   Thumb Code    38  stm32f4xx_hal_rcc.o(.text.HAL_RCC_GetPCLK2Freq)
    HAL_RCC_GetSysClockFreq                  0x08002031   Thumb Code   106  stm32f4xx_hal_rcc.o(.text.HAL_RCC_GetSysClockFreq)
    HAL_RCC_OscConfig                        0x0800209d   Thumb Code   852  stm32f4xx_hal_rcc.o(.text.HAL_RCC_OscConfig)
    HAL_SPI_Init                             0x080023f1   Thumb Code   180  stm32f4xx_hal_spi.o(.text.HAL_SPI_Init)
    HAL_SPI_MspInit                          0x080024a5   Thumb Code   194  stm32f4xx_hal_msp.o(.text.HAL_SPI_MspInit)
    HAL_SYSTICK_Config                       0x08002569   Thumb Code    44  stm32f4xx_hal_cortex.o(.text.HAL_SYSTICK_Config)
    HAL_TIMEx_BreakCallback                  0x08002595   Thumb Code     2  stm32f4xx_hal_tim_ex.o(.text.HAL_TIMEx_BreakCallback)
    HAL_TIMEx_CommutCallback                 0x08002599   Thumb Code     2  stm32f4xx_hal_tim_ex.o(.text.HAL_TIMEx_CommutCallback)
    HAL_TIMEx_MasterConfigSynchronization    0x0800259d   Thumb Code   188  stm32f4xx_hal_tim_ex.o(.text.HAL_TIMEx_MasterConfigSynchronization)
    HAL_TIM_Base_Init                        0x08002659   Thumb Code    90  stm32f4xx_hal_tim.o(.text.HAL_TIM_Base_Init)
    HAL_TIM_Base_MspInit                     0x080026b5   Thumb Code    66  stm32f4xx_hal_msp.o(.text.HAL_TIM_Base_MspInit)
    HAL_TIM_Base_Start_IT                    0x080026f9   Thumb Code   168  stm32f4xx_hal_tim.o(.text.HAL_TIM_Base_Start_IT)
    HAL_TIM_ConfigClockSource                0x080027a1   Thumb Code   418  stm32f4xx_hal_tim.o(.text.HAL_TIM_ConfigClockSource)
    HAL_TIM_IC_CaptureCallback               0x08002945   Thumb Code     2  stm32f4xx_hal_tim.o(.text.HAL_TIM_IC_CaptureCallback)
    HAL_TIM_IRQHandler                       0x08002949   Thumb Code   362  stm32f4xx_hal_tim.o(.text.HAL_TIM_IRQHandler)
    HAL_TIM_OC_DelayElapsedCallback          0x08002ab5   Thumb Code     2  stm32f4xx_hal_tim.o(.text.HAL_TIM_OC_DelayElapsedCallback)
    HAL_TIM_PWM_PulseFinishedCallback        0x08002ab9   Thumb Code     2  stm32f4xx_hal_tim.o(.text.HAL_TIM_PWM_PulseFinishedCallback)
    HAL_TIM_PeriodElapsedCallback            0x08002abd   Thumb Code     2  stm32f4xx_hal_tim.o(.text.HAL_TIM_PeriodElapsedCallback)
    HAL_TIM_TriggerCallback                  0x08002ac1   Thumb Code     2  stm32f4xx_hal_tim.o(.text.HAL_TIM_TriggerCallback)
    HAL_UARTEx_RxEventCallback               0x08002ac5   Thumb Code     2  stm32f4xx_hal_uart.o(.text.HAL_UARTEx_RxEventCallback)
    HAL_UART_ErrorCallback                   0x08002ac9   Thumb Code     2  stm32f4xx_hal_uart.o(.text.HAL_UART_ErrorCallback)
    HAL_UART_IRQHandler                      0x08002acd   Thumb Code   762  stm32f4xx_hal_uart.o(.text.HAL_UART_IRQHandler)
    HAL_UART_Init                            0x08002dc9   Thumb Code    94  stm32f4xx_hal_uart.o(.text.HAL_UART_Init)
    HAL_UART_MspInit                         0x08002e29   Thumb Code   130  stm32f4xx_hal_msp.o(.text.HAL_UART_MspInit)
    HAL_UART_Receive_IT                      0x08002ead   Thumb Code    96  stm32f4xx_hal_uart.o(.text.HAL_UART_Receive_IT)
    HAL_UART_RxCpltCallback                  0x08002f0d   Thumb Code   134  uart_usb_bridge.o(.text.HAL_UART_RxCpltCallback)
    HAL_UART_Transmit                        0x08002f95   Thumb Code   376  stm32f4xx_hal_uart.o(.text.HAL_UART_Transmit)
    HAL_UART_TxCpltCallback                  0x0800310d   Thumb Code     2  stm32f4xx_hal_uart.o(.text.HAL_UART_TxCpltCallback)
    HardFault_Handler                        0x08003111   Thumb Code     2  stm32f4xx_it.o(.text.HardFault_Handler)
    Log                                      0x08003115   Thumb Code    80  uart_usb_bridge.o(.text.Log)
    MX_USB_DEVICE_Init                       0x08003165   Thumb Code   114  usb_device.o(.text.MX_USB_DEVICE_Init)
    MemManage_Handler                        0x080031d9   Thumb Code     2  stm32f4xx_it.o(.text.MemManage_Handler)
    MotorDirection                           0x080031dd   Thumb Code   210  stepperdriver .o(.text.MotorDirection)
    MotorEnable                              0x080032b1   Thumb Code   166  stepperdriver .o(.text.MotorEnable)
    MotorStepPulse                           0x08003359   Thumb Code   182  stepperdriver .o(.text.MotorStepPulse)
    My_App                                   0x08003411   Thumb Code    18  myapp.o(.text.My_App)
    NMI_Handler                              0x08003425   Thumb Code     2  stm32f4xx_it.o(.text.NMI_Handler)
    OTG_FS_IRQHandler                        0x08003429   Thumb Code    12  stm32f4xx_it.o(.text.OTG_FS_IRQHandler)
    PendSV_Handler                           0x08003435   Thumb Code     2  stm32f4xx_it.o(.text.PendSV_Handler)
    Queue_Pop                                0x08003439   Thumb Code    68  queue.o(.text.Queue_Pop)
    Queue_Push                               0x0800347d   Thumb Code    66  queue.o(.text.Queue_Push)
    SVC_Handler                              0x080034c1   Thumb Code     2  stm32f4xx_it.o(.text.SVC_Handler)
    Stepper_ISR                              0x080034c5   Thumb Code   140  stepperengine.o(.text.Stepper_ISR)
    Stepper_PID_Task                         0x08003551   Thumb Code   260  position-controll.o(.text.Stepper_PID_Task)
    SysTick_Handler                          0x08003659   Thumb Code     4  stm32f4xx_it.o(.text.SysTick_Handler)
    SystemClock_Config                       0x0800365d   Thumb Code   170  main.o(.text.SystemClock_Config)
    SystemInit                               0x08003709   Thumb Code    18  system_stm32f4xx.o(.text.SystemInit)
    TIM2_IRQHandler                          0x0800371d   Thumb Code    12  stm32f4xx_it.o(.text.TIM2_IRQHandler)
    TIM_Base_SetConfig                       0x08003729   Thumb Code   292  stm32f4xx_hal_tim.o(.text.TIM_Base_SetConfig)
    UART_USB_Bridge_Task                     0x080039fd   Thumb Code   126  uart_usb_bridge.o(.text.UART_USB_Bridge_Task)
    UART_USB_Bridge_Task_Init                0x08003a7d   Thumb Code    22  uart_usb_bridge.o(.text.UART_USB_Bridge_Task_Init)
    USART1_IRQHandler                        0x08003a95   Thumb Code    12  stm32f4xx_it.o(.text.USART1_IRQHandler)
    USBD_CDC_GetDeviceQualifierDescriptor    0x08003be9   Thumb Code    16  usbd_cdc.o(.text.USBD_CDC_GetDeviceQualifierDescriptor)
    USBD_CDC_ReceivePacket                   0x08003dc1   Thumb Code    52  usbd_cdc.o(.text.USBD_CDC_ReceivePacket)
    USBD_CDC_RegisterInterface               0x08003df5   Thumb Code    24  usbd_cdc.o(.text.USBD_CDC_RegisterInterface)
    USBD_CDC_SetRxBuffer                     0x08003e0d   Thumb Code    26  usbd_cdc.o(.text.USBD_CDC_SetRxBuffer)
    USBD_CDC_SetTxBuffer                     0x08003e29   Thumb Code    30  usbd_cdc.o(.text.USBD_CDC_SetTxBuffer)
    USBD_CDC_TransmitPacket                  0x08003f25   Thumb Code    68  usbd_cdc.o(.text.USBD_CDC_TransmitPacket)
    USBD_ClrClassConfig                      0x08003f69   Thumb Code    18  usbd_core.o(.text.USBD_ClrClassConfig)
    USBD_CoreFindEP                          0x08003f7d   Thumb Code     4  usbd_core.o(.text.USBD_CoreFindEP)
    USBD_CoreFindIF                          0x08003f81   Thumb Code     4  usbd_core.o(.text.USBD_CoreFindIF)
    USBD_CtlContinueRx                       0x08003f85   Thumb Code    16  usbd_ioreq.o(.text.USBD_CtlContinueRx)
    USBD_CtlContinueSendData                 0x08003f95   Thumb Code    16  usbd_ioreq.o(.text.USBD_CtlContinueSendData)
    USBD_CtlError                            0x08003fa5   Thumb Code    22  usbd_ctlreq.o(.text.USBD_CtlError)
    USBD_CtlPrepareRx                        0x08003fbd   Thumb Code    26  usbd_ioreq.o(.text.USBD_CtlPrepareRx)
    USBD_CtlReceiveStatus                    0x08003fd9   Thumb Code    22  usbd_ioreq.o(.text.USBD_CtlReceiveStatus)
    USBD_CtlSendData                         0x08003ff1   Thumb Code    26  usbd_ioreq.o(.text.USBD_CtlSendData)
    USBD_CtlSendStatus                       0x0800400d   Thumb Code    22  usbd_ioreq.o(.text.USBD_CtlSendStatus)
    USBD_FS_ConfigStrDescriptor              0x08004025   Thumb Code    24  usbd_desc.o(.text.USBD_FS_ConfigStrDescriptor)
    USBD_FS_DeviceDescriptor                 0x08004049   Thumb Code    14  usbd_desc.o(.text.USBD_FS_DeviceDescriptor)
    USBD_FS_InterfaceStrDescriptor           0x08004059   Thumb Code    24  usbd_desc.o(.text.USBD_FS_InterfaceStrDescriptor)
    USBD_FS_LangIDStrDescriptor              0x08004081   Thumb Code    14  usbd_desc.o(.text.USBD_FS_LangIDStrDescriptor)
    USBD_FS_ManufacturerStrDescriptor        0x08004091   Thumb Code    24  usbd_desc.o(.text.USBD_FS_ManufacturerStrDescriptor)
    USBD_FS_ProductStrDescriptor             0x080040bd   Thumb Code    24  usbd_desc.o(.text.USBD_FS_ProductStrDescriptor)
    USBD_FS_SerialStrDescriptor              0x080040ed   Thumb Code   136  usbd_desc.o(.text.USBD_FS_SerialStrDescriptor)
    USBD_GetEpDesc                           0x08004175   Thumb Code    54  usbd_core.o(.text.USBD_GetEpDesc)
    USBD_GetString                           0x080041ad   Thumb Code   116  usbd_ctlreq.o(.text.USBD_GetString)
    USBD_Init                                0x08004221   Thumb Code    42  usbd_core.o(.text.USBD_Init)
    USBD_LL_ClearStallEP                     0x0800424d   Thumb Code    34  usbd_conf.o(.text.USBD_LL_ClearStallEP)
    USBD_LL_CloseEP                          0x08004271   Thumb Code    34  usbd_conf.o(.text.USBD_LL_CloseEP)
    USBD_LL_DataInStage                      0x08004295   Thumb Code   178  usbd_core.o(.text.USBD_LL_DataInStage)
    USBD_LL_DataOutStage                     0x08004349   Thumb Code   122  usbd_core.o(.text.USBD_LL_DataOutStage)
    USBD_LL_DevConnected                     0x080043c5   Thumb Code     4  usbd_core.o(.text.USBD_LL_DevConnected)
    USBD_LL_DevDisconnected                  0x080043c9   Thumb Code    34  usbd_core.o(.text.USBD_LL_DevDisconnected)
    USBD_LL_GetRxDataSize                    0x080043ed   Thumb Code     8  usbd_conf.o(.text.USBD_LL_GetRxDataSize)
    USBD_LL_Init                             0x080043f5   Thumb Code   114  usbd_conf.o(.text.USBD_LL_Init)
    USBD_LL_IsStallEP                        0x08004469   Thumb Code    34  usbd_conf.o(.text.USBD_LL_IsStallEP)
    USBD_LL_IsoINIncomplete                  0x0800448d   Thumb Code    44  usbd_core.o(.text.USBD_LL_IsoINIncomplete)
    USBD_LL_IsoOUTIncomplete                 0x080044b9   Thumb Code    44  usbd_core.o(.text.USBD_LL_IsoOUTIncomplete)
    USBD_LL_OpenEP                           0x080044e5   Thumb Code    40  usbd_conf.o(.text.USBD_LL_OpenEP)
    USBD_LL_PrepareReceive                   0x0800450d   Thumb Code    34  usbd_conf.o(.text.USBD_LL_PrepareReceive)
    USBD_LL_Reset                            0x08004531   Thumb Code    96  usbd_core.o(.text.USBD_LL_Reset)
    USBD_LL_Resume                           0x08004591   Thumb Code    20  usbd_core.o(.text.USBD_LL_Resume)
    USBD_LL_SOF                              0x080045a5   Thumb Code    30  usbd_core.o(.text.USBD_LL_SOF)
    USBD_LL_SetSpeed                         0x080045c5   Thumb Code     8  usbd_core.o(.text.USBD_LL_SetSpeed)
    USBD_LL_SetUSBAddress                    0x080045cd   Thumb Code    34  usbd_conf.o(.text.USBD_LL_SetUSBAddress)
    USBD_LL_SetupStage                       0x080045f1   Thumb Code    96  usbd_core.o(.text.USBD_LL_SetupStage)
    USBD_LL_StallEP                          0x08004651   Thumb Code    34  usbd_conf.o(.text.USBD_LL_StallEP)
    USBD_LL_Start                            0x08004675   Thumb Code    34  usbd_conf.o(.text.USBD_LL_Start)
    USBD_LL_Suspend                          0x08004699   Thumb Code    20  usbd_core.o(.text.USBD_LL_Suspend)
    USBD_LL_Transmit                         0x080046ad   Thumb Code    34  usbd_conf.o(.text.USBD_LL_Transmit)
    USBD_ParseSetupRequest                   0x080046d1   Thumb Code    22  usbd_ctlreq.o(.text.USBD_ParseSetupRequest)
    USBD_RegisterClass                       0x080046e9   Thumb Code    66  usbd_core.o(.text.USBD_RegisterClass)
    USBD_SetClassConfig                      0x0800472d   Thumb Code    16  usbd_core.o(.text.USBD_SetClassConfig)
    USBD_Start                               0x0800473d   Thumb Code     4  usbd_core.o(.text.USBD_Start)
    USBD_StdDevReq                           0x08004741   Thumb Code   822  usbd_ctlreq.o(.text.USBD_StdDevReq)
    USBD_StdEPReq                            0x08004a79   Thumb Code   330  usbd_ctlreq.o(.text.USBD_StdEPReq)
    USBD_StdItfReq                           0x08004bc5   Thumb Code   120  usbd_ctlreq.o(.text.USBD_StdItfReq)
    USBD_static_free                         0x08004c3d   Thumb Code     2  usbd_conf.o(.text.USBD_static_free)
    USBD_static_malloc                       0x08004c41   Thumb Code    10  usbd_conf.o(.text.USBD_static_malloc)
    USB_ActivateEndpoint                     0x08004c4d   Thumb Code   128  stm32f4xx_ll_usb.o(.text.USB_ActivateEndpoint)
    USB_ActivateSetup                        0x08004ccd   Thumb Code    32  stm32f4xx_ll_usb.o(.text.USB_ActivateSetup)
    USB_CoreInit                             0x08004ced   Thumb Code   254  stm32f4xx_ll_usb.o(.text.USB_CoreInit)
    USB_DeactivateEndpoint                   0x08004ded   Thumb Code   134  stm32f4xx_ll_usb.o(.text.USB_DeactivateEndpoint)
    USB_DevConnect                           0x08004e75   Thumb Code    30  stm32f4xx_ll_usb.o(.text.USB_DevConnect)
    USB_DevDisconnect                        0x08004e95   Thumb Code    30  stm32f4xx_ll_usb.o(.text.USB_DevDisconnect)
    USB_DevInit                              0x08004eb5   Thumb Code   482  stm32f4xx_ll_usb.o(.text.USB_DevInit)
    USB_DisableGlobalInt                     0x08005099   Thumb Code    14  stm32f4xx_ll_usb.o(.text.USB_DisableGlobalInt)
    USB_EP0StartXfer                         0x080050a9   Thumb Code   252  stm32f4xx_ll_usb.o(.text.USB_EP0StartXfer)
    USB_EP0_OutStart                         0x080051a5   Thumb Code    90  stm32f4xx_ll_usb.o(.text.USB_EP0_OutStart)
    USB_EPClearStall                         0x08005201   Thumb Code    80  stm32f4xx_ll_usb.o(.text.USB_EPClearStall)
    USB_EPSetStall                           0x08005251   Thumb Code    60  stm32f4xx_ll_usb.o(.text.USB_EPSetStall)
    USB_EPStartXfer                          0x0800528d   Thumb Code   448  stm32f4xx_ll_usb.o(.text.USB_EPStartXfer)
    USB_EPStopXfer                           0x0800544d   Thumb Code   138  stm32f4xx_ll_usb.o(.text.USB_EPStopXfer)
    USB_EnableGlobalInt                      0x080054d9   Thumb Code    14  stm32f4xx_ll_usb.o(.text.USB_EnableGlobalInt)
    USB_FlushTxFifo                          0x080054e9   Thumb Code    78  stm32f4xx_ll_usb.o(.text.USB_FlushTxFifo)
    USB_GetDevSpeed                          0x08005539   Thumb Code    26  stm32f4xx_ll_usb.o(.text.USB_GetDevSpeed)
    USB_GetMode                              0x08005555   Thumb Code     8  stm32f4xx_ll_usb.o(.text.USB_GetMode)
    USB_ReadDevAllInEpInterrupt              0x0800555d   Thumb Code    14  stm32f4xx_ll_usb.o(.text.USB_ReadDevAllInEpInterrupt)
    USB_ReadDevAllOutEpInterrupt             0x0800556d   Thumb Code    14  stm32f4xx_ll_usb.o(.text.USB_ReadDevAllOutEpInterrupt)
    USB_ReadDevInEPInterrupt                 0x0800557d   Thumb Code    36  stm32f4xx_ll_usb.o(.text.USB_ReadDevInEPInterrupt)
    USB_ReadDevOutEPInterrupt                0x080055a1   Thumb Code    16  stm32f4xx_ll_usb.o(.text.USB_ReadDevOutEPInterrupt)
    USB_ReadInterrupts                       0x080055b1   Thumb Code     8  stm32f4xx_ll_usb.o(.text.USB_ReadInterrupts)
    USB_ReadPacket                           0x080055b9   Thumb Code    74  stm32f4xx_ll_usb.o(.text.USB_ReadPacket)
    USB_SetCurrentMode                       0x08005605   Thumb Code   100  stm32f4xx_ll_usb.o(.text.USB_SetCurrentMode)
    USB_SetDevAddress                        0x08005669   Thumb Code    34  stm32f4xx_ll_usb.o(.text.USB_SetDevAddress)
    USB_SetTurnaroundTime                    0x0800568d   Thumb Code   272  stm32f4xx_ll_usb.o(.text.USB_SetTurnaroundTime)
    USB_WritePacket                          0x0800579d   Thumb Code    58  stm32f4xx_ll_usb.o(.text.USB_WritePacket)
    UsageFault_Handler                       0x080057d9   Thumb Code     2  stm32f4xx_it.o(.text.UsageFault_Handler)
    check_timeout                            0x080057dd   Thumb Code    40  usart-get-position.o(.text.check_timeout)
    fputc                                    0x08005815   Thumb Code    52  uart_usb_bridge.o(.text.fputc)
    main                                     0x08005849   Thumb Code   816  main.o(.text.main)
    micros                                   0x08005b8d   Thumb Code    14  time.o(.text.micros)
    process_uart                             0x08005b9d   Thumb Code   172  usart-get-position.o(.text.process_uart)
    ring_write                               0x08005c49   Thumb Code    50  usart-get-position.o(.text.ring_write)
    send_request_position                    0x08005c7d   Thumb Code    48  usart-get-position.o(.text.send_request_position)
    __aeabi_errno_addr                       0x08005cb9   Thumb Code     4  errno.o(i.__aeabi_errno_addr)
    __rt_errno_addr                          0x08005cb9   Thumb Code     0  errno.o(i.__aeabi_errno_addr)
    __scatterload_copy                       0x08005cc1   Thumb Code    14  handlers.o(i.__scatterload_copy)
    __scatterload_null                       0x08005ccf   Thumb Code     2  handlers.o(i.__scatterload_null)
    __scatterload_zeroinit                   0x08005cd1   Thumb Code    14  handlers.o(i.__scatterload_zeroinit)
    puts                                     0x08005ce1   Thumb Code    30  puts.o(i.puts)
    __ctype_table                            0x08005d04   Data         129  ctype_o.o(.constdata)
    AHBPrescTable                            0x08005d8c   Data          16  system_stm32f4xx.o(.rodata.AHBPrescTable)
    APBPrescTable                            0x08005d9c   Data           8  system_stm32f4xx.o(.rodata.APBPrescTable)
    Region$$Table$$Base                      0x08005dac   Number         0  anon$$obj.o(Region$$Table)
    Region$$Table$$Limit                     0x08005dcc   Number         0  anon$$obj.o(Region$$Table)
    __stdout                                 0x20000000   Data           4  stdout.o(.data)
    FS_Desc                                  0x20000008   Data          28  usbd_desc.o(.data.FS_Desc)
    POS_pid                                  0x20000024   Data          28  position-controll.o(.data.POS_pid)
    SystemCoreClock                          0x20000040   Data           4  system_stm32f4xx.o(.data.SystemCoreClock)
    USBD_CDC                                 0x20000044   Data          56  usbd_cdc.o(.data.USBD_CDC)
    USBD_FS_DeviceDesc                       0x200000cc   Data          18  usbd_desc.o(.data.USBD_FS_DeviceDesc)
    USBD_Interface_fops_FS                   0x200000e0   Data          20  usbd_cdc_if.o(.data.USBD_Interface_fops_FS)
    USBD_LangIDDesc                          0x200000f4   Data           4  usbd_desc.o(.data.USBD_LangIDDesc)
    USBD_StringSerial                        0x200000f8   Data          26  usbd_desc.o(.data.USBD_StringSerial)
    target_POS                               0x20000114   Data           4  position-controll.o(.data.target_POS)
    uart_GET_POS_active                      0x20000118   Data           1  uart_usb_bridge.o(.data.uart_GET_POS_active)
    uwTickFreq                               0x20000119   Data           1  stm32f4xx_hal.o(.data.uwTickFreq)
    uwTickPrio                               0x2000011c   Data           4  stm32f4xx_hal.o(.data.uwTickPrio)
    NewDataInt                               0x20000120   Data           1  uart_usb_bridge.o(.bss.NewDataInt)
    STEP_Time                                0x20000124   Data           4  stepperengine.o(.bss.STEP_Time)
    USBD_StrDesc                             0x2000016c   Data         512  usbd_desc.o(.bss.USBD_StrDesc)
    UserRxBufferFS                           0x2000058c   Data        2048  usbd_cdc_if.o(.bss.UserRxBufferFS)
    UserTxBufferFS                           0x20000d8c   Data        2048  usbd_cdc_if.o(.bss.UserTxBufferFS)
    hUsbDeviceFS                             0x200015d0   Data         732  usb_device.o(.bss.hUsbDeviceFS)
    hcan1                                    0x200018ac   Data          40  main.o(.bss.hcan1)
    hpcd_USB_OTG_FS                          0x200018d8   Data        1292  usbd_conf.o(.bss.hpcd_USB_OTG_FS)
    hspi1                                    0x20001de4   Data          88  main.o(.bss.hspi1)
    hspi3                                    0x20001e3c   Data          88  main.o(.bss.hspi3)
    htim2                                    0x20001e94   Data          72  main.o(.bss.htim2)
    huart1                                   0x20001edc   Data          68  main.o(.bss.huart1)
    move_queue                               0x20001f8c   Data         100  queue.o(.bss.move_queue)
    position                                 0x20001ff0   Data           4  usart-get-position.o(.bss.position)
    request                                  0x20001ff4   Data           8  usart-get-position.o(.bss.request)
    stepper                                  0x20001ffc   Data          20  stepperengine.o(.bss.stepper)
    uart_bridg_active                        0x20002014   Data           1  uart_usb_bridge.o(.bss.uart_bridg_active)
    uwTick                                   0x20002518   Data           4  stm32f4xx_hal.o(.bss.uwTick)
    __initial_sp                             0x20002b20   Data           0  startup_stm32f407xx.o(STACK)



==============================================================================

Memory Map of the image

  Image Entry point : 0x08000189

  Load Region LR_IROM1 (Base: 0x08000000, Size: 0x00005ef0, Max: 0x00100000, ABSOLUTE)

    Execution Region ER_IROM1 (Exec base: 0x08000000, Load base: 0x08000000, Size: 0x00005dcc, Max: 0x00100000, ABSOLUTE)

    Exec Addr    Load Addr    Size         Type   Attr      Idx    E Section Name        Object

    0x08000000   0x08000000   0x00000188   Data   RO            3    RESET               startup_stm32f407xx.o
    0x08000188   0x08000188   0x00000000   Code   RO         1739  * .ARM.Collect$$$$00000000  mc_w.l(entry.o)
    0x08000188   0x08000188   0x00000004   Code   RO         1766    .ARM.Collect$$$$00000001  mc_w.l(entry2.o)
    0x0800018c   0x0800018c   0x00000004   Code   RO         1769    .ARM.Collect$$$$00000004  mc_w.l(entry5.o)
    0x08000190   0x08000190   0x00000000   Code   RO         1771    .ARM.Collect$$$$00000008  mc_w.l(entry7b.o)
    0x08000190   0x08000190   0x00000000   Code   RO         1773    .ARM.Collect$$$$0000000A  mc_w.l(entry8b.o)
    0x08000190   0x08000190   0x00000008   Code   RO         1774    .ARM.Collect$$$$0000000B  mc_w.l(entry9a.o)
    0x08000198   0x08000198   0x00000000   Code   RO         1776    .ARM.Collect$$$$0000000D  mc_w.l(entry10a.o)
    0x08000198   0x08000198   0x00000000   Code   RO         1778    .ARM.Collect$$$$0000000F  mc_w.l(entry11a.o)
    0x08000198   0x08000198   0x00000004   Code   RO         1767    .ARM.Collect$$$$00002712  mc_w.l(entry2.o)
    0x0800019c   0x0800019c   0x00000024   Code   RO            4    .text               startup_stm32f407xx.o
    0x080001c0   0x080001c0   0x00000062   Code   RO         1749    .text               mc_w.l(uldiv.o)
    0x08000222   0x08000222   0x00000024   Code   RO         1751    .text               mc_w.l(memseta.o)
    0x08000246   0x08000246   0x00000024   Code   RO         1753    .text               mc_w.l(strstr.o)
    0x0800026a   0x0800026a   0x0000000e   Code   RO         1755    .text               mc_w.l(strlen.o)
    0x08000278   0x08000278   0x00000038   Code   RO         1758    .text               mc_w.l(__0sscanf.o)
    0x080002b0   0x080002b0   0x0000014c   Code   RO         1760    .text               mc_w.l(_scanf_int.o)
    0x080003fc   0x080003fc   0x000000e0   Code   RO         1762    .text               mc_w.l(_scanf_str.o)
    0x080004dc   0x080004dc   0x0000001a   Code   RO         1764    .text               mc_w.l(atoi.o)
    0x080004f6   0x080004f6   0x0000001e   Code   RO         1780    .text               mc_w.l(llshl.o)
    0x08000514   0x08000514   0x00000020   Code   RO         1782    .text               mc_w.l(llushr.o)
    0x08000534   0x08000534   0x0000001c   Code   RO         1791    .text               mc_w.l(_chval.o)
    0x08000550   0x08000550   0x00000028   Code   RO         1793    .text               mc_w.l(scanf_char.o)
    0x08000578   0x08000578   0x00000040   Code   RO         1795    .text               mc_w.l(_sgetc.o)
    0x080005b8   0x080005b8   0x00000070   Code   RO         1797    .text               mc_w.l(strtol.o)
    0x08000628   0x08000628   0x00000030   Code   RO         1799    .text               mc_w.l(init.o)
    0x08000658   0x08000658   0x00000008   Code   RO         1803    .text               mc_w.l(ctype_o.o)
    0x08000660   0x08000660   0x00000012   Code   RO         1825    .text               mc_w.l(isspace_o.o)
    0x08000672   0x08000672   0x00000002   PAD
    0x08000674   0x08000674   0x0000032c   Code   RO         1831    .text               mc_w.l(_scanf.o)
    0x080009a0   0x080009a0   0x0000009e   Code   RO         1833    .text               mc_w.l(_strtoul.o)
    0x08000a3e   0x08000a3e   0x00000002   PAD
    0x08000a40   0x08000a40   0x00000002   Code   RO           37    .text.BusFault_Handler  stm32f4xx_it.o
    0x08000a42   0x08000a42   0x00000002   PAD
    0x08000a44   0x08000a44   0x00000004   Code   RO          128    .text.CDC_Control_FS  usbd_cdc_if.o
    0x08000a48   0x08000a48   0x00000004   Code   RO          126    .text.CDC_DeInit_FS  usbd_cdc_if.o
    0x08000a4c   0x08000a4c   0x0000002c   Code   RO          124    .text.CDC_Init_FS   usbd_cdc_if.o
    0x08000a78   0x08000a78   0x00000034   Code   RO          130    .text.CDC_Receive_FS  usbd_cdc_if.o
    0x08000aac   0x08000aac   0x00000004   Code   RO          132    .text.CDC_TransmitCplt_FS  usbd_cdc_if.o
    0x08000ab0   0x08000ab0   0x00000036   Code   RO          134    .text.CDC_Transmit_FS  usbd_cdc_if.o
    0x08000ae6   0x08000ae6   0x00000002   PAD
    0x08000ae8   0x08000ae8   0x00000088   Code   RO         1587    .text.CommandParser_Process  command_parser.o
    0x08000b70   0x08000b70   0x00000048   Code   RO         1589    .text.Command_Input  command_parser.o
    0x08000bb8   0x08000bb8   0x00000002   Code   RO           43    .text.DebugMon_Handler  stm32f4xx_it.o
    0x08000bba   0x08000bba   0x00000002   PAD
    0x08000bbc   0x08000bbc   0x00000006   Code   RO           15    .text.Error_Handler  main.o
    0x08000bc2   0x08000bc2   0x00000002   PAD
    0x08000bc4   0x08000bc4   0x0000000c   Code   RO         1719    .text.GetPOS        usart-get-position.o
    0x08000bd0   0x08000bd0   0x000000f4   Code   RO          797    .text.HAL_CAN_Init  stm32f4xx_hal_can.o
    0x08000cc4   0x08000cc4   0x00000070   Code   RO           64    .text.HAL_CAN_MspInit  stm32f4xx_hal_msp.o
    0x08000d34   0x08000d34   0x00000080   Code   RO          573    .text.HAL_DMA_Abort  stm32f4xx_hal_dma.o
    0x08000db4   0x08000db4   0x00000024   Code   RO          575    .text.HAL_DMA_Abort_IT  stm32f4xx_hal_dma.o
    0x08000dd8   0x08000dd8   0x00000028   Code   RO          726    .text.HAL_Delay     stm32f4xx_hal.o
    0x08000e00   0x08000e00   0x00000198   Code   RO          527    .text.HAL_GPIO_Init  stm32f4xx_hal_gpio.o
    0x08000f98   0x08000f98   0x0000000a   Code   RO          533    .text.HAL_GPIO_WritePin  stm32f4xx_hal_gpio.o
    0x08000fa2   0x08000fa2   0x00000002   PAD
    0x08000fa4   0x08000fa4   0x0000000c   Code   RO          718    .text.HAL_GetTick   stm32f4xx_hal.o
    0x08000fb0   0x08000fb0   0x0000001a   Code   RO          716    .text.HAL_IncTick   stm32f4xx_hal.o
    0x08000fca   0x08000fca   0x00000002   PAD
    0x08000fcc   0x08000fcc   0x00000036   Code   RO          706    .text.HAL_Init      stm32f4xx_hal.o
    0x08001002   0x08001002   0x00000002   PAD
    0x08001004   0x08001004   0x00000050   Code   RO          708    .text.HAL_InitTick  stm32f4xx_hal.o
    0x08001054   0x08001054   0x00000038   Code   RO           62    .text.HAL_MspInit   stm32f4xx_hal_msp.o
    0x0800108c   0x0800108c   0x00000020   Code   RO          664    .text.HAL_NVIC_EnableIRQ  stm32f4xx_hal_cortex.o
    0x080010ac   0x080010ac   0x00000056   Code   RO          662    .text.HAL_NVIC_SetPriority  stm32f4xx_hal_cortex.o
    0x08001102   0x08001102   0x00000002   PAD
    0x08001104   0x08001104   0x00000020   Code   RO          660    .text.HAL_NVIC_SetPriorityGrouping  stm32f4xx_hal_cortex.o
    0x08001124   0x08001124   0x00000002   Code   RO          301    .text.HAL_PCDEx_LPM_Callback  stm32f4xx_hal_pcd_ex.o
    0x08001126   0x08001126   0x00000002   PAD
    0x08001128   0x08001128   0x00000008   Code   RO          299    .text.HAL_PCDEx_SetRxFiFo  stm32f4xx_hal_pcd_ex.o
    0x08001130   0x08001130   0x0000004e   Code   RO          297    .text.HAL_PCDEx_SetTxFiFo  stm32f4xx_hal_pcd_ex.o
    0x0800117e   0x0800117e   0x00000002   PAD
    0x08001180   0x08001180   0x00000008   Code   RO          169    .text.HAL_PCD_ConnectCallback  usbd_conf.o
    0x08001188   0x08001188   0x00000014   Code   RO          155    .text.HAL_PCD_DataInStageCallback  usbd_conf.o
    0x0800119c   0x0800119c   0x00000016   Code   RO          153    .text.HAL_PCD_DataOutStageCallback  usbd_conf.o
    0x080011b2   0x080011b2   0x00000002   PAD
    0x080011b4   0x080011b4   0x00000008   Code   RO          171    .text.HAL_PCD_DisconnectCallback  usbd_conf.o
    0x080011bc   0x080011bc   0x00000050   Code   RO          267    .text.HAL_PCD_EP_Close  stm32f4xx_hal_pcd.o
    0x0800120c   0x0800120c   0x00000066   Code   RO          277    .text.HAL_PCD_EP_ClrStall  stm32f4xx_hal_pcd.o
    0x08001272   0x08001272   0x00000002   PAD
    0x08001274   0x08001274   0x00000012   Code   RO          271    .text.HAL_PCD_EP_GetRxCount  stm32f4xx_hal_pcd.o
    0x08001286   0x08001286   0x00000002   PAD
    0x08001288   0x08001288   0x00000068   Code   RO          265    .text.HAL_PCD_EP_Open  stm32f4xx_hal_pcd.o
    0x080012f0   0x080012f0   0x0000004c   Code   RO          269    .text.HAL_PCD_EP_Receive  stm32f4xx_hal_pcd.o
    0x0800133c   0x0800133c   0x00000072   Code   RO          275    .text.HAL_PCD_EP_SetStall  stm32f4xx_hal_pcd.o
    0x080013ae   0x080013ae   0x00000002   PAD
    0x080013b0   0x080013b0   0x00000044   Code   RO          273    .text.HAL_PCD_EP_Transmit  stm32f4xx_hal_pcd.o
    0x080013f4   0x080013f4   0x000007c6   Code   RO          231    .text.HAL_PCD_IRQHandler  stm32f4xx_hal_pcd.o
    0x08001bba   0x08001bba   0x00000002   PAD
    0x08001bbc   0x08001bbc   0x00000008   Code   RO          167    .text.HAL_PCD_ISOINIncompleteCallback  usbd_conf.o
    0x08001bc4   0x08001bc4   0x00000008   Code   RO          165    .text.HAL_PCD_ISOOUTIncompleteCallback  usbd_conf.o
    0x08001bcc   0x08001bcc   0x00000136   Code   RO          219    .text.HAL_PCD_Init  stm32f4xx_hal_pcd.o
    0x08001d02   0x08001d02   0x00000002   PAD
    0x08001d04   0x08001d04   0x00000088   Code   RO          147    .text.HAL_PCD_MspInit  usbd_conf.o
    0x08001d8c   0x08001d8c   0x0000002a   Code   RO          159    .text.HAL_PCD_ResetCallback  usbd_conf.o
    0x08001db6   0x08001db6   0x00000002   PAD
    0x08001db8   0x08001db8   0x00000008   Code   RO          163    .text.HAL_PCD_ResumeCallback  usbd_conf.o
    0x08001dc0   0x08001dc0   0x00000008   Code   RO          157    .text.HAL_PCD_SOFCallback  usbd_conf.o
    0x08001dc8   0x08001dc8   0x00000028   Code   RO          263    .text.HAL_PCD_SetAddress  stm32f4xx_hal_pcd.o
    0x08001df0   0x08001df0   0x0000000e   Code   RO          151    .text.HAL_PCD_SetupStageCallback  usbd_conf.o
    0x08001dfe   0x08001dfe   0x00000002   PAD
    0x08001e00   0x08001e00   0x0000003e   Code   RO          227    .text.HAL_PCD_Start  stm32f4xx_hal_pcd.o
    0x08001e3e   0x08001e3e   0x00000002   PAD
    0x08001e40   0x08001e40   0x00000034   Code   RO          161    .text.HAL_PCD_SuspendCallback  usbd_conf.o
    0x08001e74   0x08001e74   0x00000160   Code   RO          421    .text.HAL_RCC_ClockConfig  stm32f4xx_hal_rcc.o
    0x08001fd4   0x08001fd4   0x0000000c   Code   RO          431    .text.HAL_RCC_GetHCLKFreq  stm32f4xx_hal_rcc.o
    0x08001fe0   0x08001fe0   0x00000026   Code   RO          433    .text.HAL_RCC_GetPCLK1Freq  stm32f4xx_hal_rcc.o
    0x08002006   0x08002006   0x00000002   PAD
    0x08002008   0x08002008   0x00000026   Code   RO          435    .text.HAL_RCC_GetPCLK2Freq  stm32f4xx_hal_rcc.o
    0x0800202e   0x0800202e   0x00000002   PAD
    0x08002030   0x08002030   0x0000006a   Code   RO          423    .text.HAL_RCC_GetSysClockFreq  stm32f4xx_hal_rcc.o
    0x0800209a   0x0800209a   0x00000002   PAD
    0x0800209c   0x0800209c   0x00000354   Code   RO          419    .text.HAL_RCC_OscConfig  stm32f4xx_hal_rcc.o
    0x080023f0   0x080023f0   0x000000b4   Code   RO          877    .text.HAL_SPI_Init  stm32f4xx_hal_spi.o
    0x080024a4   0x080024a4   0x000000c2   Code   RO           68    .text.HAL_SPI_MspInit  stm32f4xx_hal_msp.o
    0x08002566   0x08002566   0x00000002   PAD
    0x08002568   0x08002568   0x0000002c   Code   RO          672    .text.HAL_SYSTICK_Config  stm32f4xx_hal_cortex.o
    0x08002594   0x08002594   0x00000002   Code   RO         1298    .text.HAL_TIMEx_BreakCallback  stm32f4xx_hal_tim_ex.o
    0x08002596   0x08002596   0x00000002   PAD
    0x08002598   0x08002598   0x00000002   Code   RO         1294    .text.HAL_TIMEx_CommutCallback  stm32f4xx_hal_tim_ex.o
    0x0800259a   0x0800259a   0x00000002   PAD
    0x0800259c   0x0800259c   0x000000bc   Code   RO         1288    .text.HAL_TIMEx_MasterConfigSynchronization  stm32f4xx_hal_tim_ex.o
    0x08002658   0x08002658   0x0000005a   Code   RO          993    .text.HAL_TIM_Base_Init  stm32f4xx_hal_tim.o
    0x080026b2   0x080026b2   0x00000002   PAD
    0x080026b4   0x080026b4   0x00000042   Code   RO           72    .text.HAL_TIM_Base_MspInit  stm32f4xx_hal_msp.o
    0x080026f6   0x080026f6   0x00000002   PAD
    0x080026f8   0x080026f8   0x000000a8   Code   RO         1007    .text.HAL_TIM_Base_Start_IT  stm32f4xx_hal_tim.o
    0x080027a0   0x080027a0   0x000001a2   Code   RO         1173    .text.HAL_TIM_ConfigClockSource  stm32f4xx_hal_tim.o
    0x08002942   0x08002942   0x00000002   PAD
    0x08002944   0x08002944   0x00000002   Code   RO         1129    .text.HAL_TIM_IC_CaptureCallback  stm32f4xx_hal_tim.o
    0x08002946   0x08002946   0x00000002   PAD
    0x08002948   0x08002948   0x0000016a   Code   RO         1127    .text.HAL_TIM_IRQHandler  stm32f4xx_hal_tim.o
    0x08002ab2   0x08002ab2   0x00000002   PAD
    0x08002ab4   0x08002ab4   0x00000002   Code   RO         1131    .text.HAL_TIM_OC_DelayElapsedCallback  stm32f4xx_hal_tim.o
    0x08002ab6   0x08002ab6   0x00000002   PAD
    0x08002ab8   0x08002ab8   0x00000002   Code   RO         1133    .text.HAL_TIM_PWM_PulseFinishedCallback  stm32f4xx_hal_tim.o
    0x08002aba   0x08002aba   0x00000002   PAD
    0x08002abc   0x08002abc   0x00000002   Code   RO         1135    .text.HAL_TIM_PeriodElapsedCallback  stm32f4xx_hal_tim.o
    0x08002abe   0x08002abe   0x00000002   PAD
    0x08002ac0   0x08002ac0   0x00000002   Code   RO         1137    .text.HAL_TIM_TriggerCallback  stm32f4xx_hal_tim.o
    0x08002ac2   0x08002ac2   0x00000002   PAD
    0x08002ac4   0x08002ac4   0x00000002   Code   RO         1396    .text.HAL_UARTEx_RxEventCallback  stm32f4xx_hal_uart.o
    0x08002ac6   0x08002ac6   0x00000002   PAD
    0x08002ac8   0x08002ac8   0x00000002   Code   RO         1394    .text.HAL_UART_ErrorCallback  stm32f4xx_hal_uart.o
    0x08002aca   0x08002aca   0x00000002   PAD
    0x08002acc   0x08002acc   0x000002fa   Code   RO         1388    .text.HAL_UART_IRQHandler  stm32f4xx_hal_uart.o
    0x08002dc6   0x08002dc6   0x00000002   PAD
    0x08002dc8   0x08002dc8   0x0000005e   Code   RO         1312    .text.HAL_UART_Init  stm32f4xx_hal_uart.o
    0x08002e26   0x08002e26   0x00000002   PAD
    0x08002e28   0x08002e28   0x00000082   Code   RO           76    .text.HAL_UART_MspInit  stm32f4xx_hal_msp.o
    0x08002eaa   0x08002eaa   0x00000002   PAD
    0x08002eac   0x08002eac   0x00000060   Code   RO         1334    .text.HAL_UART_Receive_IT  stm32f4xx_hal_uart.o
    0x08002f0c   0x08002f0c   0x00000086   Code   RO         1688    .text.HAL_UART_RxCpltCallback  uart_usb_bridge.o
    0x08002f92   0x08002f92   0x00000002   PAD
    0x08002f94   0x08002f94   0x00000178   Code   RO         1328    .text.HAL_UART_Transmit  stm32f4xx_hal_uart.o
    0x0800310c   0x0800310c   0x00000002   Code   RO         1398    .text.HAL_UART_TxCpltCallback  stm32f4xx_hal_uart.o
    0x0800310e   0x0800310e   0x00000002   PAD
    0x08003110   0x08003110   0x00000002   Code   RO           33    .text.HardFault_Handler  stm32f4xx_it.o
    0x08003112   0x08003112   0x00000002   PAD
    0x08003114   0x08003114   0x00000050   Code   RO         1678    .text.Log           uart_usb_bridge.o
    0x08003164   0x08003164   0x00000072   Code   RO           88    .text.MX_USB_DEVICE_Init  usb_device.o
    0x080031d6   0x080031d6   0x00000002   PAD
    0x080031d8   0x080031d8   0x00000002   Code   RO           35    .text.MemManage_Handler  stm32f4xx_it.o
    0x080031da   0x080031da   0x00000002   PAD
    0x080031dc   0x080031dc   0x000000d2   Code   RO         1640    .text.MotorDirection  stepperdriver .o
    0x080032ae   0x080032ae   0x00000002   PAD
    0x080032b0   0x080032b0   0x000000a6   Code   RO         1638    .text.MotorEnable   stepperdriver .o
    0x08003356   0x08003356   0x00000002   PAD
    0x08003358   0x08003358   0x000000b6   Code   RO         1642    .text.MotorStepPulse  stepperdriver .o
    0x0800340e   0x0800340e   0x00000002   PAD
    0x08003410   0x08003410   0x00000012   Code   RO         1601    .text.My_App        myapp.o
    0x08003422   0x08003422   0x00000002   PAD
    0x08003424   0x08003424   0x00000002   Code   RO           31    .text.NMI_Handler   stm32f4xx_it.o
    0x08003426   0x08003426   0x00000002   PAD
    0x08003428   0x08003428   0x0000000c   Code   RO           53    .text.OTG_FS_IRQHandler  stm32f4xx_it.o
    0x08003434   0x08003434   0x00000002   Code   RO           45    .text.PendSV_Handler  stm32f4xx_it.o
    0x08003436   0x08003436   0x00000002   PAD
    0x08003438   0x08003438   0x00000044   Code   RO         1627    .text.Queue_Pop     queue.o
    0x0800347c   0x0800347c   0x00000042   Code   RO         1625    .text.Queue_Push    queue.o
    0x080034be   0x080034be   0x00000002   PAD
    0x080034c0   0x080034c0   0x00000002   Code   RO           41    .text.SVC_Handler   stm32f4xx_it.o
    0x080034c2   0x080034c2   0x00000002   PAD
    0x080034c4   0x080034c4   0x0000008c   Code   RO         1654    .text.Stepper_ISR   stepperengine.o
    0x08003550   0x08003550   0x00000108   Code   RO         1611    .text.Stepper_PID_Task  position-controll.o
    0x08003658   0x08003658   0x00000004   Code   RO           47    .text.SysTick_Handler  stm32f4xx_it.o
    0x0800365c   0x0800365c   0x000000aa   Code   RO           13    .text.SystemClock_Config  main.o
    0x08003706   0x08003706   0x00000002   PAD
    0x08003708   0x08003708   0x00000012   Code   RO         1432    .text.SystemInit    system_stm32f4xx.o
    0x0800371a   0x0800371a   0x00000002   PAD
    0x0800371c   0x0800371c   0x0000000c   Code   RO           49    .text.TIM2_IRQHandler  stm32f4xx_it.o
    0x08003728   0x08003728   0x00000124   Code   RO          997    .text.TIM_Base_SetConfig  stm32f4xx_hal_tim.o
    0x0800384c   0x0800384c   0x0000000c   Code   RO         1392    .text.UART_DMAAbortOnError  stm32f4xx_hal_uart.o
    0x08003858   0x08003858   0x000000ba   Code   RO         1390    .text.UART_Receive_IT  stm32f4xx_hal_uart.o
    0x08003912   0x08003912   0x00000002   PAD
    0x08003914   0x08003914   0x000000e8   Code   RO         1316    .text.UART_SetConfig  stm32f4xx_hal_uart.o
    0x080039fc   0x080039fc   0x0000007e   Code   RO         1686    .text.UART_USB_Bridge_Task  uart_usb_bridge.o
    0x08003a7a   0x08003a7a   0x00000002   PAD
    0x08003a7c   0x08003a7c   0x00000016   Code   RO         1684    .text.UART_USB_Bridge_Task_Init  uart_usb_bridge.o
    0x08003a92   0x08003a92   0x00000002   PAD
    0x08003a94   0x08003a94   0x0000000c   Code   RO           51    .text.USART1_IRQHandler  stm32f4xx_it.o
    0x08003aa0   0x08003aa0   0x00000078   Code   RO         1554    .text.USBD_CDC_DataIn  usbd_cdc.o
    0x08003b18   0x08003b18   0x0000003c   Code   RO         1556    .text.USBD_CDC_DataOut  usbd_cdc.o
    0x08003b54   0x08003b54   0x0000005a   Code   RO         1548    .text.USBD_CDC_DeInit  usbd_cdc.o
    0x08003bae   0x08003bae   0x00000002   PAD
    0x08003bb0   0x08003bb0   0x00000036   Code   RO         1552    .text.USBD_CDC_EP0_RxReady  usbd_cdc.o
    0x08003be6   0x08003be6   0x00000002   PAD
    0x08003be8   0x08003be8   0x00000010   Code   RO         1564    .text.USBD_CDC_GetDeviceQualifierDescriptor  usbd_cdc.o
    0x08003bf8   0x08003bf8   0x00000052   Code   RO         1560    .text.USBD_CDC_GetFSCfgDesc  usbd_cdc.o
    0x08003c4a   0x08003c4a   0x00000002   PAD
    0x08003c4c   0x08003c4c   0x00000056   Code   RO         1558    .text.USBD_CDC_GetHSCfgDesc  usbd_cdc.o
    0x08003ca2   0x08003ca2   0x00000002   PAD
    0x08003ca4   0x08003ca4   0x00000052   Code   RO         1562    .text.USBD_CDC_GetOtherSpeedCfgDesc  usbd_cdc.o
    0x08003cf6   0x08003cf6   0x00000002   PAD
    0x08003cf8   0x08003cf8   0x000000c8   Code   RO         1546    .text.USBD_CDC_Init  usbd_cdc.o
    0x08003dc0   0x08003dc0   0x00000034   Code   RO         1574    .text.USBD_CDC_ReceivePacket  usbd_cdc.o
    0x08003df4   0x08003df4   0x00000018   Code   RO         1566    .text.USBD_CDC_RegisterInterface  usbd_cdc.o
    0x08003e0c   0x08003e0c   0x0000001a   Code   RO         1570    .text.USBD_CDC_SetRxBuffer  usbd_cdc.o
    0x08003e26   0x08003e26   0x00000002   PAD
    0x08003e28   0x08003e28   0x0000001e   Code   RO         1568    .text.USBD_CDC_SetTxBuffer  usbd_cdc.o
    0x08003e46   0x08003e46   0x00000002   PAD
    0x08003e48   0x08003e48   0x000000da   Code   RO         1550    .text.USBD_CDC_Setup  usbd_cdc.o
    0x08003f22   0x08003f22   0x00000002   PAD
    0x08003f24   0x08003f24   0x00000044   Code   RO         1572    .text.USBD_CDC_TransmitPacket  usbd_cdc.o
    0x08003f68   0x08003f68   0x00000012   Code   RO         1461    .text.USBD_ClrClassConfig  usbd_core.o
    0x08003f7a   0x08003f7a   0x00000002   PAD
    0x08003f7c   0x08003f7c   0x00000004   Code   RO         1469    .text.USBD_CoreFindEP  usbd_core.o
    0x08003f80   0x08003f80   0x00000004   Code   RO         1467    .text.USBD_CoreFindIF  usbd_core.o
    0x08003f84   0x08003f84   0x00000010   Code   RO         1530    .text.USBD_CtlContinueRx  usbd_ioreq.o
    0x08003f94   0x08003f94   0x00000010   Code   RO         1526    .text.USBD_CtlContinueSendData  usbd_ioreq.o
    0x08003fa4   0x08003fa4   0x00000016   Code   RO         1505    .text.USBD_CtlError  usbd_ctlreq.o
    0x08003fba   0x08003fba   0x00000002   PAD
    0x08003fbc   0x08003fbc   0x0000001a   Code   RO         1528    .text.USBD_CtlPrepareRx  usbd_ioreq.o
    0x08003fd6   0x08003fd6   0x00000002   PAD
    0x08003fd8   0x08003fd8   0x00000016   Code   RO         1534    .text.USBD_CtlReceiveStatus  usbd_ioreq.o
    0x08003fee   0x08003fee   0x00000002   PAD
    0x08003ff0   0x08003ff0   0x0000001a   Code   RO         1524    .text.USBD_CtlSendData  usbd_ioreq.o
    0x0800400a   0x0800400a   0x00000002   PAD
    0x0800400c   0x0800400c   0x00000016   Code   RO         1532    .text.USBD_CtlSendStatus  usbd_ioreq.o
    0x08004022   0x08004022   0x00000002   PAD
    0x08004024   0x08004024   0x00000024   Code   RO          107    .text.USBD_FS_ConfigStrDescriptor  usbd_desc.o
    0x08004048   0x08004048   0x0000000e   Code   RO           97    .text.USBD_FS_DeviceDescriptor  usbd_desc.o
    0x08004056   0x08004056   0x00000002   PAD
    0x08004058   0x08004058   0x00000028   Code   RO          109    .text.USBD_FS_InterfaceStrDescriptor  usbd_desc.o
    0x08004080   0x08004080   0x0000000e   Code   RO           99    .text.USBD_FS_LangIDStrDescriptor  usbd_desc.o
    0x0800408e   0x0800408e   0x00000002   PAD
    0x08004090   0x08004090   0x0000002c   Code   RO          101    .text.USBD_FS_ManufacturerStrDescriptor  usbd_desc.o
    0x080040bc   0x080040bc   0x00000030   Code   RO          103    .text.USBD_FS_ProductStrDescriptor  usbd_desc.o
    0x080040ec   0x080040ec   0x00000088   Code   RO          105    .text.USBD_FS_SerialStrDescriptor  usbd_desc.o
    0x08004174   0x08004174   0x00000036   Code   RO         1491    .text.USBD_GetEpDesc  usbd_core.o
    0x080041aa   0x080041aa   0x00000002   PAD
    0x080041ac   0x080041ac   0x00000074   Code   RO         1513    .text.USBD_GetString  usbd_ctlreq.o
    0x08004220   0x08004220   0x0000002a   Code   RO         1447    .text.USBD_Init     usbd_core.o
    0x0800424a   0x0800424a   0x00000002   PAD
    0x0800424c   0x0800424c   0x00000022   Code   RO          191    .text.USBD_LL_ClearStallEP  usbd_conf.o
    0x0800426e   0x0800426e   0x00000002   PAD
    0x08004270   0x08004270   0x00000022   Code   RO          185    .text.USBD_LL_CloseEP  usbd_conf.o
    0x08004292   0x08004292   0x00000002   PAD
    0x08004294   0x08004294   0x000000b2   Code   RO         1471    .text.USBD_LL_DataInStage  usbd_core.o
    0x08004346   0x08004346   0x00000002   PAD
    0x08004348   0x08004348   0x0000007a   Code   RO         1465    .text.USBD_LL_DataOutStage  usbd_core.o
    0x080043c2   0x080043c2   0x00000002   PAD
    0x080043c4   0x080043c4   0x00000004   Code   RO         1487    .text.USBD_LL_DevConnected  usbd_core.o
    0x080043c8   0x080043c8   0x00000022   Code   RO         1489    .text.USBD_LL_DevDisconnected  usbd_core.o
    0x080043ea   0x080043ea   0x00000002   PAD
    0x080043ec   0x080043ec   0x00000008   Code   RO          201    .text.USBD_LL_GetRxDataSize  usbd_conf.o
    0x080043f4   0x080043f4   0x00000072   Code   RO          173    .text.USBD_LL_Init  usbd_conf.o
    0x08004466   0x08004466   0x00000002   PAD
    0x08004468   0x08004468   0x00000022   Code   RO          193    .text.USBD_LL_IsStallEP  usbd_conf.o
    0x0800448a   0x0800448a   0x00000002   PAD
    0x0800448c   0x0800448c   0x0000002c   Code   RO         1483    .text.USBD_LL_IsoINIncomplete  usbd_core.o
    0x080044b8   0x080044b8   0x0000002c   Code   RO         1485    .text.USBD_LL_IsoOUTIncomplete  usbd_core.o
    0x080044e4   0x080044e4   0x00000028   Code   RO          183    .text.USBD_LL_OpenEP  usbd_conf.o
    0x0800450c   0x0800450c   0x00000022   Code   RO          199    .text.USBD_LL_PrepareReceive  usbd_conf.o
    0x0800452e   0x0800452e   0x00000002   PAD
    0x08004530   0x08004530   0x00000060   Code   RO         1473    .text.USBD_LL_Reset  usbd_core.o
    0x08004590   0x08004590   0x00000014   Code   RO         1479    .text.USBD_LL_Resume  usbd_core.o
    0x080045a4   0x080045a4   0x0000001e   Code   RO         1481    .text.USBD_LL_SOF   usbd_core.o
    0x080045c2   0x080045c2   0x00000002   PAD
    0x080045c4   0x080045c4   0x00000008   Code   RO         1475    .text.USBD_LL_SetSpeed  usbd_core.o
    0x080045cc   0x080045cc   0x00000022   Code   RO          195    .text.USBD_LL_SetUSBAddress  usbd_conf.o
    0x080045ee   0x080045ee   0x00000002   PAD
    0x080045f0   0x080045f0   0x00000060   Code   RO         1463    .text.USBD_LL_SetupStage  usbd_core.o
    0x08004650   0x08004650   0x00000022   Code   RO          189    .text.USBD_LL_StallEP  usbd_conf.o
    0x08004672   0x08004672   0x00000002   PAD
    0x08004674   0x08004674   0x00000022   Code   RO          179    .text.USBD_LL_Start  usbd_conf.o
    0x08004696   0x08004696   0x00000002   PAD
    0x08004698   0x08004698   0x00000014   Code   RO         1477    .text.USBD_LL_Suspend  usbd_core.o
    0x080046ac   0x080046ac   0x00000022   Code   RO          197    .text.USBD_LL_Transmit  usbd_conf.o
    0x080046ce   0x080046ce   0x00000002   PAD
    0x080046d0   0x080046d0   0x00000016   Code   RO         1511    .text.USBD_ParseSetupRequest  usbd_ctlreq.o
    0x080046e6   0x080046e6   0x00000002   PAD
    0x080046e8   0x080046e8   0x00000042   Code   RO         1451    .text.USBD_RegisterClass  usbd_core.o
    0x0800472a   0x0800472a   0x00000002   PAD
    0x0800472c   0x0800472c   0x00000010   Code   RO         1459    .text.USBD_SetClassConfig  usbd_core.o
    0x0800473c   0x0800473c   0x00000004   Code   RO         1453    .text.USBD_Start    usbd_core.o
    0x08004740   0x08004740   0x00000336   Code   RO         1503    .text.USBD_StdDevReq  usbd_ctlreq.o
    0x08004a76   0x08004a76   0x00000002   PAD
    0x08004a78   0x08004a78   0x0000014a   Code   RO         1509    .text.USBD_StdEPReq  usbd_ctlreq.o
    0x08004bc2   0x08004bc2   0x00000002   PAD
    0x08004bc4   0x08004bc4   0x00000078   Code   RO         1507    .text.USBD_StdItfReq  usbd_ctlreq.o
    0x08004c3c   0x08004c3c   0x00000002   Code   RO          205    .text.USBD_static_free  usbd_conf.o
    0x08004c3e   0x08004c3e   0x00000002   PAD
    0x08004c40   0x08004c40   0x0000000a   Code   RO          203    .text.USBD_static_malloc  usbd_conf.o
    0x08004c4a   0x08004c4a   0x00000002   PAD
    0x08004c4c   0x08004c4c   0x00000080   Code   RO          335    .text.USB_ActivateEndpoint  stm32f4xx_ll_usb.o
    0x08004ccc   0x08004ccc   0x00000020   Code   RO          377    .text.USB_ActivateSetup  stm32f4xx_ll_usb.o
    0x08004cec   0x08004cec   0x000000fe   Code   RO          313    .text.USB_CoreInit  stm32f4xx_ll_usb.o
    0x08004dea   0x08004dea   0x00000002   PAD
    0x08004dec   0x08004dec   0x00000086   Code   RO          339    .text.USB_DeactivateEndpoint  stm32f4xx_ll_usb.o
    0x08004e72   0x08004e72   0x00000002   PAD
    0x08004e74   0x08004e74   0x0000001e   Code   RO          361    .text.USB_DevConnect  stm32f4xx_ll_usb.o
    0x08004e92   0x08004e92   0x00000002   PAD
    0x08004e94   0x08004e94   0x0000001e   Code   RO          363    .text.USB_DevDisconnect  stm32f4xx_ll_usb.o
    0x08004eb2   0x08004eb2   0x00000002   PAD
    0x08004eb4   0x08004eb4   0x000001e2   Code   RO          325    .text.USB_DevInit   stm32f4xx_ll_usb.o
    0x08005096   0x08005096   0x00000002   PAD
    0x08005098   0x08005098   0x0000000e   Code   RO          319    .text.USB_DisableGlobalInt  stm32f4xx_ll_usb.o
    0x080050a6   0x080050a6   0x00000002   PAD
    0x080050a8   0x080050a8   0x000000fc   Code   RO          347    .text.USB_EP0StartXfer  stm32f4xx_ll_usb.o
    0x080051a4   0x080051a4   0x0000005a   Code   RO          379    .text.USB_EP0_OutStart  stm32f4xx_ll_usb.o
    0x080051fe   0x080051fe   0x00000002   PAD
    0x08005200   0x08005200   0x00000050   Code   RO          355    .text.USB_EPClearStall  stm32f4xx_ll_usb.o
    0x08005250   0x08005250   0x0000003c   Code   RO          353    .text.USB_EPSetStall  stm32f4xx_ll_usb.o
    0x0800528c   0x0800528c   0x000001c0   Code   RO          343    .text.USB_EPStartXfer  stm32f4xx_ll_usb.o
    0x0800544c   0x0800544c   0x0000008a   Code   RO          349    .text.USB_EPStopXfer  stm32f4xx_ll_usb.o
    0x080054d6   0x080054d6   0x00000002   PAD
    0x080054d8   0x080054d8   0x0000000e   Code   RO          317    .text.USB_EnableGlobalInt  stm32f4xx_ll_usb.o
    0x080054e6   0x080054e6   0x00000002   PAD
    0x080054e8   0x080054e8   0x0000004e   Code   RO          329    .text.USB_FlushTxFifo  stm32f4xx_ll_usb.o
    0x08005536   0x08005536   0x00000002   PAD
    0x08005538   0x08005538   0x0000001a   Code   RO          333    .text.USB_GetDevSpeed  stm32f4xx_ll_usb.o
    0x08005552   0x08005552   0x00000002   PAD
    0x08005554   0x08005554   0x00000008   Code   RO          323    .text.USB_GetMode   stm32f4xx_ll_usb.o
    0x0800555c   0x0800555c   0x0000000e   Code   RO          369    .text.USB_ReadDevAllInEpInterrupt  stm32f4xx_ll_usb.o
    0x0800556a   0x0800556a   0x00000002   PAD
    0x0800556c   0x0800556c   0x0000000e   Code   RO          367    .text.USB_ReadDevAllOutEpInterrupt  stm32f4xx_ll_usb.o
    0x0800557a   0x0800557a   0x00000002   PAD
    0x0800557c   0x0800557c   0x00000024   Code   RO          373    .text.USB_ReadDevInEPInterrupt  stm32f4xx_ll_usb.o
    0x080055a0   0x080055a0   0x00000010   Code   RO          371    .text.USB_ReadDevOutEPInterrupt  stm32f4xx_ll_usb.o
    0x080055b0   0x080055b0   0x00000008   Code   RO          365    .text.USB_ReadInterrupts  stm32f4xx_ll_usb.o
    0x080055b8   0x080055b8   0x0000004a   Code   RO          351    .text.USB_ReadPacket  stm32f4xx_ll_usb.o
    0x08005602   0x08005602   0x00000002   PAD
    0x08005604   0x08005604   0x00000064   Code   RO          321    .text.USB_SetCurrentMode  stm32f4xx_ll_usb.o
    0x08005668   0x08005668   0x00000022   Code   RO          359    .text.USB_SetDevAddress  stm32f4xx_ll_usb.o
    0x0800568a   0x0800568a   0x00000002   PAD
    0x0800568c   0x0800568c   0x00000110   Code   RO          315    .text.USB_SetTurnaroundTime  stm32f4xx_ll_usb.o
    0x0800579c   0x0800579c   0x0000003a   Code   RO          345    .text.USB_WritePacket  stm32f4xx_ll_usb.o
    0x080057d6   0x080057d6   0x00000002   PAD
    0x080057d8   0x080057d8   0x00000002   Code   RO           39    .text.UsageFault_Handler  stm32f4xx_it.o
    0x080057da   0x080057da   0x00000002   PAD
    0x080057dc   0x080057dc   0x00000038   Code   RO         1717    .text.check_timeout  usart-get-position.o
    0x08005814   0x08005814   0x00000034   Code   RO         1682    .text.fputc         uart_usb_bridge.o
    0x08005848   0x08005848   0x00000344   Code   RO           11    .text.main          main.o
    0x08005b8c   0x08005b8c   0x0000000e   Code   RO         1666    .text.micros        time.o
    0x08005b9a   0x08005b9a   0x00000002   PAD
    0x08005b9c   0x08005b9c   0x000000ac   Code   RO         1715    .text.process_uart  usart-get-position.o
    0x08005c48   0x08005c48   0x00000032   Code   RO         1709    .text.ring_write    usart-get-position.o
    0x08005c7a   0x08005c7a   0x00000002   PAD
    0x08005c7c   0x08005c7c   0x0000003c   Code   RO         1707    .text.send_request_position  usart-get-position.o
    0x08005cb8   0x08005cb8   0x00000008   Code   RO         1784    i.__aeabi_errno_addr  mc_w.l(errno.o)
    0x08005cc0   0x08005cc0   0x0000000e   Code   RO         1840    i.__scatterload_copy  mc_w.l(handlers.o)
    0x08005cce   0x08005cce   0x00000002   Code   RO         1841    i.__scatterload_null  mc_w.l(handlers.o)
    0x08005cd0   0x08005cd0   0x0000000e   Code   RO         1842    i.__scatterload_zeroinit  mc_w.l(handlers.o)
    0x08005cde   0x08005cde   0x00000002   PAD
    0x08005ce0   0x08005ce0   0x00000024   Code   RO         1742    i.puts              mc_w.l(puts.o)
    0x08005d04   0x08005d04   0x00000081   Data   RO         1804    .constdata          mc_w.l(ctype_o.o)
    0x08005d85   0x08005d85   0x00000003   PAD
    0x08005d88   0x08005d88   0x00000004   Data   RO         1805    .constdata          mc_w.l(ctype_o.o)
    0x08005d8c   0x08005d8c   0x00000010   Data   RO         1437    .rodata.AHBPrescTable  system_stm32f4xx.o
    0x08005d9c   0x08005d9c   0x00000008   Data   RO         1438    .rodata.APBPrescTable  system_stm32f4xx.o
    0x08005da4   0x08005da4   0x00000005   Data   RO         1728    .rodata.str1.1      usart-get-position.o
    0x08005da9   0x08005da9   0x00000003   PAD
    0x08005dac   0x08005dac   0x00000020   Data   RO         1839    Region$$Table       anon$$obj.o


    Execution Region RW_IRAM1 (Exec base: 0x20000000, Load base: 0x08005dd0, Size: 0x00002b20, Max: 0x0001c000, ABSOLUTE)

    Exec Addr    Load Addr    Size         Type   Attr      Idx    E Section Name        Object

    0x20000000   0x08005dd0   0x00000004   Data   RW         1748    .data               mc_w.l(stdout.o)
    0x20000004   0x08005dd4   0x00000004   Data   RW         1787    .data               mc_w.l(errno.o)
    0x20000008   0x08005dd8   0x0000001c   Data   RW          111    .data.FS_Desc       usbd_desc.o
    0x20000024   0x08005df4   0x0000001c   Data   RW         1613    .data.POS_pid       position-controll.o
    0x20000040   0x08005e10   0x00000004   Data   RW         1436    .data.SystemCoreClock  system_stm32f4xx.o
    0x20000044   0x08005e14   0x00000038   Data   RW         1576    .data.USBD_CDC      usbd_cdc.o
    0x2000007c   0x08005e4c   0x00000043   Data   RW         1578    .data.USBD_CDC_CfgDesc  usbd_cdc.o
    0x200000bf   0x08005e8f   0x00000001   PAD
    0x200000c0   0x08005e90   0x0000000a   Data   RW         1577    .data.USBD_CDC_DeviceQualifierDesc  usbd_cdc.o
    0x200000ca   0x08005e9a   0x00000002   PAD
    0x200000cc   0x08005e9c   0x00000012   Data   RW          112    .data.USBD_FS_DeviceDesc  usbd_desc.o
    0x200000de   0x08005eae   0x00000002   PAD
    0x200000e0   0x08005eb0   0x00000014   Data   RW          136    .data.USBD_Interface_fops_FS  usbd_cdc_if.o
    0x200000f4   0x08005ec4   0x00000004   Data   RW          113    .data.USBD_LangIDDesc  usbd_desc.o
    0x200000f8   0x08005ec8   0x0000001a   Data   RW          114    .data.USBD_StringSerial  usbd_desc.o
    0x20000112   0x08005ee2   0x00000002   PAD
    0x20000114   0x08005ee4   0x00000004   Data   RW         1614    .data.target_POS    position-controll.o
    0x20000118   0x08005ee8   0x00000001   Data   RW         1690    .data.uart_GET_POS_active  uart_usb_bridge.o
    0x20000119   0x08005ee9   0x00000001   Data   RW          761    .data.uwTickFreq    stm32f4xx_hal.o
    0x2000011a   0x08005eea   0x00000002   PAD
    0x2000011c   0x08005eec   0x00000004   Data   RW          760    .data.uwTickPrio    stm32f4xx_hal.o
    0x20000120        -       0x00000001   Zero   RW         1695    .bss.NewDataInt     uart_usb_bridge.o
    0x20000121   0x08005ef0   0x00000003   PAD
    0x20000124        -       0x00000004   Zero   RW         1656    .bss.STEP_Time      stepperengine.o
    0x20000128        -       0x00000040   Zero   RW         1696    .bss.UART_USB_Bridge_Task.usb_buffer  uart_usb_bridge.o
    0x20000168        -       0x00000001   Zero   RW         1515    .bss.USBD_SetConfig.cfgidx  usbd_ctlreq.o
    0x20000169   0x08005ef0   0x00000003   PAD
    0x2000016c        -       0x00000200   Zero   RW          115    .bss.USBD_StrDesc   usbd_desc.o
    0x2000036c        -       0x00000220   Zero   RW          210    .bss.USBD_static_malloc.mem  usbd_conf.o
    0x2000058c        -       0x00000800   Zero   RW          137    .bss.UserRxBufferFS  usbd_cdc_if.o
    0x20000d8c        -       0x00000800   Zero   RW          138    .bss.UserTxBufferFS  usbd_cdc_if.o
    0x2000158c        -       0x00000040   Zero   RW         1591    .bss.cmd_buffer     command_parser.o
    0x200015cc        -       0x00000001   Zero   RW         1592    .bss.cmd_index      command_parser.o
    0x200015cd   0x08005ef0   0x00000003   PAD
    0x200015d0        -       0x000002dc   Zero   RW           90    .bss.hUsbDeviceFS   usb_device.o
    0x200018ac        -       0x00000028   Zero   RW           18    .bss.hcan1          main.o
    0x200018d4        -       0x00000002   Zero   RW         1692    .bss.head           uart_usb_bridge.o
    0x200018d6        -       0x00000002   Zero   RW         1725    .bss.headPOS        usart-get-position.o
    0x200018d8        -       0x0000050c   Zero   RW          209    .bss.hpcd_USB_OTG_FS  usbd_conf.o
    0x20001de4        -       0x00000058   Zero   RW           19    .bss.hspi1          main.o
    0x20001e3c        -       0x00000058   Zero   RW           20    .bss.hspi3          main.o
    0x20001e94        -       0x00000048   Zero   RW           17    .bss.htim2          main.o
    0x20001edc        -       0x00000044   Zero   RW           21    .bss.huart1         main.o
    0x20001f20        -       0x00000004   Zero   RW         1616    .bss.last_pid_time  position-controll.o
    0x20001f24        -       0x00000064   Zero   RW         1729    .bss.line_buffer    usart-get-position.o
    0x20001f88        -       0x00000002   Zero   RW         1730    .bss.line_index     usart-get-position.o
    0x20001f8a   0x08005ef0   0x00000002   PAD
    0x20001f8c        -       0x00000064   Zero   RW         1629    .bss.move_queue     queue.o
    0x20001ff0        -       0x00000004   Zero   RW         1723    .bss.position       usart-get-position.o
    0x20001ff4        -       0x00000008   Zero   RW         1724    .bss.request        usart-get-position.o
    0x20001ffc        -       0x00000014   Zero   RW         1657    .bss.stepper        stepperengine.o
    0x20002010        -       0x00000002   Zero   RW         1693    .bss.tail           uart_usb_bridge.o
    0x20002012        -       0x00000002   Zero   RW         1726    .bss.tailPOS        usart-get-position.o
    0x20002014        -       0x00000001   Zero   RW         1691    .bss.uart_bridg_active  uart_usb_bridge.o
    0x20002015        -       0x00000400   Zero   RW         1694    .bss.uart_buffer    uart_usb_bridge.o
    0x20002415        -       0x00000100   Zero   RW         1727    .bss.uart_buffer    usart-get-position.o
    0x20002515   0x08005ef0   0x00000003   PAD
    0x20002518        -       0x00000004   Zero   RW          762    .bss.uwTick         stm32f4xx_hal.o
    0x2000251c   0x08005ef0   0x00000004   PAD
    0x20002520        -       0x00000600   Zero   RW            1    STACK               startup_stm32f407xx.o


    Execution Region RW_IRAM2 (Exec base: 0x2001c000, Load base: 0x08005ef0, Size: 0x00000000, Max: 0x00004000, ABSOLUTE)

    **** No section assigned to this execution region ****


==============================================================================

Image component sizes


      Code (inc. data)   RO Data    RW Data    ZI Data      Debug   Object Name

       208         52          0          0         65       1458   command_parser.o
      1012         20          0          0        356      11731   main.o
        18          0          0          0          0        372   myapp.o
       264          4          0         32          4       2231   position-controll.o
       134          0          0          0        100       1282   queue.o
        36          8        392          0       1536        852   startup_stm32f407xx.o
       558        174          0          0          0       2431   stepperdriver .o
       140          0          0          0         24       1367   stepperengine.o
       212          0          0          5          4       7305   stm32f4xx_hal.o
       244          0          0          0          0      13639   stm32f4xx_hal_can.o
       194          0          0          0          0      10480   stm32f4xx_hal_cortex.o
       164          0          0          0          0       9809   stm32f4xx_hal_dma.o
       418          0          0          0          0       5072   stm32f4xx_hal_gpio.o
       558          0          0          0          0      12657   stm32f4xx_hal_msp.o
      2964          0          0          0          0      16611   stm32f4xx_hal_pcd.o
        88          0          0          0          0       4379   stm32f4xx_hal_pcd_ex.o
      1398          0          0          0          0       7366   stm32f4xx_hal_rcc.o
       180          0          0          0          0      23309   stm32f4xx_hal_spi.o
      1340          0          0          0          0      56402   stm32f4xx_hal_tim.o
       192          0          0          0          0      21547   stm32f4xx_hal_tim_ex.o
      1764          0          0          0          0      26578   stm32f4xx_hal_uart.o
        56          0          0          0          0       7797   stm32f4xx_it.o
      2924          0          0          0          0      26415   stm32f4xx_ll_usb.o
        18          0         24          4          0       2657   system_stm32f4xx.o
        14          0          0          0          0        481   time.o
       414          0          0          1       1094       6402   uart_usb_bridge.o
       350         28          5          0        374       5666   usart-get-position.o
       114          0          0          0        732       3201   usb_device.o
      1208         12          0        133          0      11228   usbd_cdc.o
       162          0          0         20       4096       5081   usbd_cdc_if.o
       780          0          0          0       1836      18298   usbd_conf.o
       904          0          0          0          0      10593   usbd_core.o
      1432         24          0          0          1       9553   usbd_ctlreq.o
       332         72          0         76        512       3630   usbd_desc.o
       128          0          0          0          0       4726   usbd_ioreq.o

    ----------------------------------------------------------------------
     21148        394        456        280      10752     352606   Object Totals
         0          0         32          0          0          0   (incl. Generated)
       226          0          3          9         18          0   (incl. Padding)

    ----------------------------------------------------------------------

      Code (inc. data)   RO Data    RW Data    ZI Data      Debug   Library Member Name

        56          8          0          0          0         84   __0sscanf.o
        28          0          0          0          0         68   _chval.o
       812          4          0          0          0        112   _scanf.o
       332          0          0          0          0         96   _scanf_int.o
       224          0          0          0          0         96   _scanf_str.o
        64          0          0          0          0         84   _sgetc.o
       158          0          0          0          0         92   _strtoul.o
        26          0          0          0          0         80   atoi.o
         8          4        133          0          0         68   ctype_o.o
         0          0          0          0          0          0   entry.o
         0          0          0          0          0          0   entry10a.o
         0          0          0          0          0          0   entry11a.o
         8          4          0          0          0          0   entry2.o
         4          0          0          0          0          0   entry5.o
         0          0          0          0          0          0   entry7b.o
         0          0          0          0          0          0   entry8b.o
         8          4          0          0          0          0   entry9a.o
         8          4          0          4          0         68   errno.o
        30          0          0          0          0          0   handlers.o
        48         10          0          0          0         68   init.o
        18          0          0          0          0         76   isspace_o.o
        30          0          0          0          0         68   llshl.o
        32          0          0          0          0         68   llushr.o
        36          0          0          0          0        108   memseta.o
        36          6          0          0          0         80   puts.o
        40          8          0          0          0         84   scanf_char.o
         0          0          0          4          0          0   stdout.o
        14          0          0          0          0         68   strlen.o
        36          0          0          0          0         80   strstr.o
       112          0          0          0          0         88   strtol.o
        98          0          0          0          0         92   uldiv.o

    ----------------------------------------------------------------------
      2272         52        136          8          0       1728   Library Totals
         6          0          3          0          0          0   (incl. Padding)

    ----------------------------------------------------------------------

      Code (inc. data)   RO Data    RW Data    ZI Data      Debug   Library Name

      2266         52        133          8          0       1728   mc_w.l

    ----------------------------------------------------------------------
      2272         52        136          8          0       1728   Library Totals

    ----------------------------------------------------------------------

==============================================================================


      Code (inc. data)   RO Data    RW Data    ZI Data      Debug   

     23420        446        592        288      10752     353046   Grand Totals
     23420        446        592        288      10752     353046   ELF Image Totals
     23420        446        592        288          0          0   ROM Totals

==============================================================================

    Total RO  Size (Code + RO Data)                24012 (  23.45kB)
    Total RW  Size (RW Data + ZI Data)             11040 (  10.78kB)
    Total ROM Size (Code + RO Data + RW Data)      24300 (  23.73kB)

==============================================================================

